src/main.ts(817,69): error TS1005: ':' expected.
src/main.ts(817,71): error TS1443: Module declaration names may only use ' or " quoted strings.
src/main.ts(817,122): error TS1443: Module declaration names may only use ' or " quoted strings.
src/main.ts(823,11): error TS1005: ';' expected.
src/main.ts(825,11): error TS1110: Type expected.
src/main.ts(825,30): error TS1005: ';' expected.
src/main.ts(826,10): error TS1005: ';' expected.
src/main.ts(853,11): error TS1110: Type expected.
src/main.ts(853,28): error TS1005: ';' expected.
src/main.ts(854,10): error TS1005: ';' expected.
src/main.ts(894,11): error TS1110: Type expected.
src/main.ts(894,39): error TS1005: ';' expected.
src/main.ts(895,10): error TS1005: ';' expected.
src/main.ts(930,11): error TS1110: Type expected.
src/main.ts(930,20): error TS1005: ';' expected.
src/main.ts(930,22): error TS1005: ';' expected.
src/main.ts(930,32): error TS1434: Unexpected keyword or identifier.
src/main.ts(930,38): error TS1434: Unexpected keyword or identifier.
src/main.ts(931,10): error TS1005: ';' expected.
src/main.ts(949,8): error TS1110: Type expected.
src/main.ts(950,6): error TS1161: Unterminated regular expression literal.
src/main.ts(958,12): error TS1005: ';' expected.
src/main.ts(959,15): error TS1005: '>' expected.
src/main.ts(959,20): error TS1005: ';' expected.
src/main.ts(959,57): error TS1127: Invalid character.
src/main.ts(959,60): error TS1110: Type expected.
src/main.ts(960,13): error TS1005: ';' expected.
src/main.ts(960,96): error TS1005: ';' expected.
src/main.ts(960,101): error TS1434: Unexpected keyword or identifier.
src/main.ts(960,104): error TS1434: Unexpected keyword or identifier.
src/main.ts(960,119): error TS1005: ',' expected.
src/main.ts(960,128): error TS1161: Unterminated regular expression literal.
src/main.ts(961,12): error TS1005: ';' expected.
src/main.ts(962,27): error TS1005: ';' expected.
src/main.ts(962,32): error TS1434: Unexpected keyword or identifier.
src/main.ts(962,35): error TS1434: Unexpected keyword or identifier.
src/main.ts(962,38): error TS1434: Unexpected keyword or identifier.
src/main.ts(962,41): error TS1434: Unexpected keyword or identifier.
src/main.ts(962,45): error TS1434: Unexpected keyword or identifier.
src/main.ts(962,50): error TS1434: Unexpected keyword or identifier.
src/main.ts(962,55): error TS1434: Unexpected keyword or identifier.
src/main.ts(962,58): error TS1434: Unexpected keyword or identifier.
src/main.ts(962,61): error TS1434: Unexpected keyword or identifier.
src/main.ts(962,65): error TS1434: Unexpected keyword or identifier.
src/main.ts(962,68): error TS1434: Unexpected keyword or identifier.
src/main.ts(962,78): error TS1003: Identifier expected.
src/main.ts(963,23): error TS1005: ',' expected.
src/main.ts(963,26): error TS1005: ';' expected.
src/main.ts(963,50): error TS1161: Unterminated regular expression literal.
src/main.ts(964,10): error TS1161: Unterminated regular expression literal.
src/main.ts(965,14): error TS1005: ';' expected.
src/main.ts(966,11): error TS1109: Expression expected.
src/main.ts(966,15): error TS1005: ';' expected.
src/main.ts(966,17): error TS1434: Unexpected keyword or identifier.
src/main.ts(966,20): error TS1434: Unexpected keyword or identifier.
src/main.ts(966,25): error TS1434: Unexpected keyword or identifier.
src/main.ts(966,28): error TS1434: Unexpected keyword or identifier.
src/main.ts(967,15): error TS1005: ';' expected.
src/main.ts(967,17): error TS1434: Unexpected keyword or identifier.
src/main.ts(967,21): error TS1434: Unexpected keyword or identifier.
src/main.ts(967,26): error TS1434: Unexpected keyword or identifier.
src/main.ts(967,28): error TS1434: Unexpected keyword or identifier.
src/main.ts(967,31): error TS1434: Unexpected keyword or identifier.
src/main.ts(968,15): error TS1005: ';' expected.
src/main.ts(968,17): error TS1434: Unexpected keyword or identifier.
src/main.ts(968,19): error TS1434: Unexpected keyword or identifier.
src/main.ts(968,22): error TS1434: Unexpected keyword or identifier.
src/main.ts(968,25): error TS1434: Unexpected keyword or identifier.
src/main.ts(968,29): error TS1434: Unexpected keyword or identifier.
src/main.ts(968,33): error TS1434: Unexpected keyword or identifier.
src/main.ts(968,45): error TS1005: ';' expected.
src/main.ts(968,48): error TS1434: Unexpected keyword or identifier.
src/main.ts(968,51): error TS1434: Unexpected keyword or identifier.
src/main.ts(968,54): error TS1434: Unexpected keyword or identifier.
src/main.ts(968,57): error TS1434: Unexpected keyword or identifier.
src/main.ts(968,62): error TS1434: Unexpected keyword or identifier.
src/main.ts(968,65): error TS1434: Unexpected keyword or identifier.
src/main.ts(969,9): error TS1003: Identifier expected.
src/main.ts(969,10): error TS1161: Unterminated regular expression literal.
src/main.ts(970,8): error TS1161: Unterminated regular expression literal.
src/main.ts(977,13): error TS1005: ';' expected.
src/main.ts(977,18): error TS1005: '{' expected.
src/main.ts(977,38): error TS1005: ';' expected.
src/main.ts(977,60): error TS1127: Invalid character.
src/main.ts(977,63): error TS1434: Unexpected keyword or identifier.
src/main.ts(977,67): error TS1434: Unexpected keyword or identifier.
src/main.ts(977,72): error TS1434: Unexpected keyword or identifier.
src/main.ts(977,77): error TS1434: Unexpected keyword or identifier.
src/main.ts(977,93): error TS1005: ',' expected.
src/main.ts(977,101): error TS1005: ',' expected.
src/main.ts(977,106): error TS1005: ',' expected.
src/main.ts(977,114): error TS1161: Unterminated regular expression literal.
src/main.ts(978,12): error TS1005: ';' expected.
src/main.ts(978,17): error TS1005: '{' expected.
src/main.ts(978,35): error TS1005: ';' expected.
src/main.ts(979,28): error TS1005: ';' expected.
src/main.ts(979,35): error TS1161: Unterminated regular expression literal.
src/main.ts(980,10): error TS1161: Unterminated regular expression literal.
src/main.ts(982,14): error TS1005: ';' expected.
src/main.ts(983,16): error TS1005: '>' expected.
src/main.ts(983,21): error TS1005: '{' expected.
src/main.ts(983,33): error TS1005: ';' expected.
src/main.ts(984,17): error TS1005: '>' expected.
src/main.ts(984,22): error TS1005: ';' expected.
src/main.ts(984,96): error TS1127: Invalid character.
src/main.ts(984,99): error TS1434: Unexpected keyword or identifier.
src/main.ts(984,103): error TS1434: Unexpected keyword or identifier.
src/main.ts(984,113): error TS1161: Unterminated regular expression literal.
src/main.ts(985,17): error TS1005: ';' expected.
src/main.ts(985,22): error TS1005: '{' expected.
src/main.ts(985,35): error TS1005: ';' expected.
src/main.ts(986,22): error TS1005: ';' expected.
src/main.ts(986,25): error TS1434: Unexpected keyword or identifier.
src/main.ts(986,28): error TS1434: Unexpected keyword or identifier.
src/main.ts(986,40): error TS1005: '>' expected.
src/main.ts(986,45): error TS1005: '{' expected.
src/main.ts(986,58): error TS1005: ';' expected.
src/main.ts(986,69): error TS1005: ';' expected.
src/main.ts(986,90): error TS1005: ';' expected.
src/main.ts(987,26): error TS1005: ';' expected.
src/main.ts(987,39): error TS1005: '>' expected.
src/main.ts(987,44): error TS1005: '{' expected.
src/main.ts(987,57): error TS1005: ';' expected.
src/main.ts(987,68): error TS1005: ';' expected.
src/main.ts(987,90): error TS1351: An identifier or keyword cannot immediately follow a numeric literal.
src/main.ts(988,23): error TS1005: ';' expected.
src/main.ts(988,26): error TS1434: Unexpected keyword or identifier.
src/main.ts(988,28): error TS1434: Unexpected keyword or identifier.
src/main.ts(988,30): error TS1434: Unexpected keyword or identifier.
src/main.ts(988,44): error TS1005: '>' expected.
src/main.ts(988,49): error TS1005: '{' expected.
src/main.ts(988,62): error TS1005: ';' expected.
src/main.ts(988,73): error TS1005: ';' expected.
src/main.ts(988,96): error TS1005: ';' expected.
src/main.ts(989,21): error TS1005: ';' expected.
src/main.ts(989,25): error TS1434: Unexpected keyword or identifier.
src/main.ts(989,40): error TS1005: '>' expected.
src/main.ts(989,45): error TS1005: '{' expected.
src/main.ts(989,58): error TS1005: ';' expected.
src/main.ts(989,69): error TS1005: ';' expected.
src/main.ts(989,83): error TS1005: ';' expected.
src/main.ts(989,109): error TS1005: ';' expected.
src/main.ts(989,111): error TS1434: Unexpected keyword or identifier.
src/main.ts(990,14): error TS1110: Type expected.
src/main.ts(991,12): error TS1161: Unterminated regular expression literal.
src/main.ts(992,16): error TS1005: ';' expected.
src/main.ts(992,21): error TS1005: '{' expected.
src/main.ts(992,33): error TS1005: ';' expected.
src/main.ts(993,17): error TS1005: '>' expected.
src/main.ts(993,22): error TS1005: ';' expected.
src/main.ts(993,96): error TS1127: Invalid character.
src/main.ts(993,99): error TS1434: Unexpected keyword or identifier.
src/main.ts(993,102): error TS1434: Unexpected keyword or identifier.
src/main.ts(993,105): error TS1434: Unexpected keyword or identifier.
src/main.ts(993,112): error TS1161: Unterminated regular expression literal.
src/main.ts(994,17): error TS1005: ';' expected.
src/main.ts(994,22): error TS1005: '{' expected.
src/main.ts(994,35): error TS1005: ';' expected.
src/main.ts(995,23): error TS1005: ';' expected.
src/main.ts(995,26): error TS1434: Unexpected keyword or identifier.
src/main.ts(995,39): error TS1005: '>' expected.
src/main.ts(995,44): error TS1005: '{' expected.
src/main.ts(995,57): error TS1005: ';' expected.
src/main.ts(995,68): error TS1005: ';' expected.
src/main.ts(995,86): error TS1005: ';' expected.
src/main.ts(996,33): error TS1005: ';' expected.
src/main.ts(996,42): error TS1005: '>' expected.
src/main.ts(996,47): error TS1005: '{' expected.
src/main.ts(996,60): error TS1005: ';' expected.
src/main.ts(996,71): error TS1005: ';' expected.
src/main.ts(996,82): error TS1005: ';' expected.
src/main.ts(996,85): error TS1434: Unexpected keyword or identifier.
src/main.ts(997,22): error TS1005: ';' expected.
src/main.ts(997,25): error TS1434: Unexpected keyword or identifier.
src/main.ts(997,27): error TS1434: Unexpected keyword or identifier.
src/main.ts(997,43): error TS1005: '>' expected.
src/main.ts(997,48): error TS1005: '{' expected.
src/main.ts(997,61): error TS1005: ';' expected.
src/main.ts(997,72): error TS1005: ';' expected.
src/main.ts(997,103): error TS1005: ';' expected.
src/main.ts(998,24): error TS1005: ';' expected.
src/main.ts(998,27): error TS1434: Unexpected keyword or identifier.
src/main.ts(998,40): error TS1005: '>' expected.
src/main.ts(998,45): error TS1005: '{' expected.
src/main.ts(998,58): error TS1005: ';' expected.
src/main.ts(998,69): error TS1005: ';' expected.
src/main.ts(998,90): error TS1005: ';' expected.
src/main.ts(999,14): error TS1110: Type expected.
src/main.ts(1000,12): error TS1161: Unterminated regular expression literal.
src/main.ts(1001,10): error TS1161: Unterminated regular expression literal.
src/main.ts(1003,21): error TS1005: ';' expected.
src/main.ts(1005,11): error TS1127: Invalid character.
src/main.ts(1005,13): error TS1434: Unexpected keyword or identifier.
src/main.ts(1005,17): error TS1434: Unexpected keyword or identifier.
src/main.ts(1005,30): error TS1005: ',' expected.
src/main.ts(1005,44): error TS1351: An identifier or keyword cannot immediately follow a numeric literal.
src/main.ts(1005,46): error TS1434: Unexpected keyword or identifier.
src/main.ts(1005,49): error TS1434: Unexpected keyword or identifier.
src/main.ts(1005,52): error TS1434: Unexpected keyword or identifier.
src/main.ts(1006,10): error TS1161: Unterminated regular expression literal.
src/main.ts(1011,13): error TS1005: ';' expected.
src/main.ts(1011,18): error TS1005: '{' expected.
src/main.ts(1011,38): error TS1127: Invalid character.
src/main.ts(1011,41): error TS1434: Unexpected keyword or identifier.
src/main.ts(1011,60): error TS1005: ',' expected.
src/main.ts(1011,73): error TS1003: Identifier expected.
src/main.ts(1011,75): error TS1161: Unterminated regular expression literal.
src/main.ts(1012,12): error TS1005: ';' expected.
src/main.ts(1012,17): error TS1005: '{' expected.
src/main.ts(1013,23): error TS1005: ';' expected.
src/main.ts(1013,37): error TS1005: ',' expected.
src/main.ts(1013,50): error TS1003: Identifier expected.
src/main.ts(1013,52): error TS1161: Unterminated regular expression literal.
src/main.ts(1014,10): error TS1161: Unterminated regular expression literal.
src/main.ts(1016,13): error TS1005: ';' expected.
src/main.ts(1016,163): error TS1127: Invalid character.
src/main.ts(1016,166): error TS1434: Unexpected keyword or identifier.
src/main.ts(1016,169): error TS1434: Unexpected keyword or identifier.
src/main.ts(1016,172): error TS1434: Unexpected keyword or identifier.
src/main.ts(1016,178): error TS1161: Unterminated regular expression literal.
src/main.ts(1017,16): error TS1005: ';' expected.
src/main.ts(1019,17): error TS1005: '>' expected.
src/main.ts(1019,22): error TS1005: ';' expected.
src/main.ts(1020,19): error TS1005: '>' expected.
src/main.ts(1020,24): error TS1005: ';' expected.
src/main.ts(1020,55): error TS1161: Unterminated regular expression literal.
src/main.ts(1021,19): error TS1005: ';' expected.
src/main.ts(1021,43): error TS1005: ';' expected.
src/main.ts(1021,68): error TS1161: Unterminated regular expression literal.
src/main.ts(1022,14): error TS1161: Unterminated regular expression literal.
src/main.ts(1023,12): error TS1161: Unterminated regular expression literal.
src/main.ts(1025,17): error TS1005: '>' expected.
src/main.ts(1025,22): error TS1005: ';' expected.
src/main.ts(1026,19): error TS1005: '>' expected.
src/main.ts(1026,24): error TS1005: ';' expected.
src/main.ts(1026,72): error TS1005: ';' expected.
src/main.ts(1026,75): error TS1161: Unterminated regular expression literal.
src/main.ts(1027,19): error TS1005: ';' expected.
src/main.ts(1027,44): error TS1005: ';' expected.
src/main.ts(1027,64): error TS1005: ',' expected.
src/main.ts(1027,77): error TS1003: Identifier expected.
src/main.ts(1027,79): error TS1161: Unterminated regular expression literal.
src/main.ts(1028,14): error TS1161: Unterminated regular expression literal.
src/main.ts(1029,17): error TS1005: ';' expected.
src/main.ts(1030,19): error TS1005: '>' expected.
src/main.ts(1030,24): error TS1005: ';' expected.
src/main.ts(1030,63): error TS1161: Unterminated regular expression literal.
src/main.ts(1031,19): error TS1005: ';' expected.
src/main.ts(1031,44): error TS1351: An identifier or keyword cannot immediately follow a numeric literal.
src/main.ts(1031,56): error TS1005: ',' expected.
src/main.ts(1031,66): error TS1005: ',' expected.
src/main.ts(1031,70): error TS1161: Unterminated regular expression literal.
src/main.ts(1032,14): error TS1161: Unterminated regular expression literal.
src/main.ts(1033,17): error TS1005: ';' expected.
src/main.ts(1034,19): error TS1005: '>' expected.
src/main.ts(1034,24): error TS1005: ';' expected.
src/main.ts(1034,61): error TS1005: ';' expected.
src/main.ts(1034,68): error TS1161: Unterminated regular expression literal.
src/main.ts(1035,19): error TS1005: ';' expected.
src/main.ts(1035,44): error TS1005: ';' expected.
src/main.ts(1035,62): error TS1351: An identifier or keyword cannot immediately follow a numeric literal.
src/main.ts(1035,64): error TS1005: ',' expected.
src/main.ts(1035,67): error TS1005: ',' expected.
src/main.ts(1035,70): error TS1005: ',' expected.
src/main.ts(1035,75): error TS1109: Expression expected.
src/main.ts(1035,82): error TS1005: ';' expected.
src/main.ts(1035,91): error TS1109: Expression expected.
src/main.ts(1035,109): error TS1005: ';' expected.
src/main.ts(1035,112): error TS1434: Unexpected keyword or identifier.
src/main.ts(1035,119): error TS1161: Unterminated regular expression literal.
src/main.ts(1036,14): error TS1161: Unterminated regular expression literal.
src/main.ts(1037,17): error TS1005: ';' expected.
src/main.ts(1038,19): error TS1005: '>' expected.
src/main.ts(1038,24): error TS1005: ';' expected.
src/main.ts(1038,61): error TS1005: ';' expected.
src/main.ts(1038,68): error TS1161: Unterminated regular expression literal.
src/main.ts(1039,19): error TS1005: ';' expected.
src/main.ts(1039,46): error TS1005: ';' expected.
src/main.ts(1039,50): error TS1434: Unexpected keyword or identifier.
src/main.ts(1039,53): error TS1434: Unexpected keyword or identifier.
src/main.ts(1039,56): error TS1434: Unexpected keyword or identifier.
src/main.ts(1039,67): error TS1005: ',' expected.
src/main.ts(1039,72): error TS1351: An identifier or keyword cannot immediately follow a numeric literal.
src/main.ts(1039,75): error TS1005: ',' expected.
src/main.ts(1039,79): error TS1005: ',' expected.
src/main.ts(1039,82): error TS1005: ',' expected.
src/main.ts(1039,85): error TS1005: ',' expected.
src/main.ts(1039,87): error TS1005: ',' expected.
src/main.ts(1039,91): error TS1161: Unterminated regular expression literal.
src/main.ts(1040,14): error TS1161: Unterminated regular expression literal.
src/main.ts(1041,17): error TS1005: ';' expected.
src/main.ts(1042,19): error TS1005: '>' expected.
src/main.ts(1042,24): error TS1005: ';' expected.
src/main.ts(1042,61): error TS1005: ';' expected.
src/main.ts(1042,65): error TS1161: Unterminated regular expression literal.
src/main.ts(1043,19): error TS1005: ';' expected.
src/main.ts(1043,82): error TS1005: ',' expected.
src/main.ts(1043,84): error TS1005: ',' expected.
src/main.ts(1043,86): error TS1005: ',' expected.
src/main.ts(1043,96): error TS1005: ',' expected.
src/main.ts(1043,99): error TS1005: ',' expected.
src/main.ts(1043,102): error TS1005: ',' expected.
src/main.ts(1043,106): error TS1003: Identifier expected.
src/main.ts(1043,108): error TS1161: Unterminated regular expression literal.
src/main.ts(1044,14): error TS1161: Unterminated regular expression literal.
src/main.ts(1045,17): error TS1005: ';' expected.
src/main.ts(1046,19): error TS1005: '>' expected.
src/main.ts(1046,24): error TS1005: ';' expected.
src/main.ts(1046,61): error TS1005: ';' expected.
src/main.ts(1046,64): error TS1434: Unexpected keyword or identifier.
src/main.ts(1046,70): error TS1161: Unterminated regular expression literal.
src/main.ts(1047,19): error TS1005: ';' expected.
src/main.ts(1047,46): error TS1005: ';' expected.
src/main.ts(1047,48): error TS1005: ';' expected.
src/main.ts(1047,51): error TS1434: Unexpected keyword or identifier.
src/main.ts(1047,54): error TS1434: Unexpected keyword or identifier.
src/main.ts(1047,65): error TS1005: ',' expected.
src/main.ts(1047,69): error TS1005: ',' expected.
src/main.ts(1047,74): error TS1005: ',' expected.
src/main.ts(1047,77): error TS1005: ',' expected.
src/main.ts(1047,82): error TS1161: Unterminated regular expression literal.
src/main.ts(1048,14): error TS1161: Unterminated regular expression literal.
src/main.ts(1049,12): error TS1161: Unterminated regular expression literal.
src/main.ts(1050,10): error TS1161: Unterminated regular expression literal.
src/main.ts(1052,13): error TS1005: ';' expected.
src/main.ts(1052,110): error TS1127: Invalid character.
src/main.ts(1052,113): error TS1434: Unexpected keyword or identifier.
src/main.ts(1052,117): error TS1434: Unexpected keyword or identifier.
src/main.ts(1052,120): error TS1434: Unexpected keyword or identifier.
src/main.ts(1052,136): error TS1005: ',' expected.
src/main.ts(1052,147): error TS1005: ',' expected.
src/main.ts(1052,155): error TS1161: Unterminated regular expression literal.
src/main.ts(1053,12): error TS1005: ';' expected.
src/main.ts(1053,17): error TS1005: '{' expected.
src/main.ts(1053,35): error TS1005: ';' expected.
src/main.ts(1054,15): error TS1005: ';' expected.
src/main.ts(1054,21): error TS1434: Unexpected keyword or identifier.
src/main.ts(1054,24): error TS1434: Unexpected keyword or identifier.
src/main.ts(1054,27): error TS1434: Unexpected keyword or identifier.
src/main.ts(1054,30): error TS1434: Unexpected keyword or identifier.
src/main.ts(1054,32): error TS1434: Unexpected keyword or identifier.
src/main.ts(1054,37): error TS1434: Unexpected keyword or identifier.
src/main.ts(1054,44): error TS1434: Unexpected keyword or identifier.
src/main.ts(1054,48): error TS1434: Unexpected keyword or identifier.
src/main.ts(1054,51): error TS1434: Unexpected keyword or identifier.
src/main.ts(1054,57): error TS1434: Unexpected keyword or identifier.
src/main.ts(1054,60): error TS1434: Unexpected keyword or identifier.
src/main.ts(1054,62): error TS1434: Unexpected keyword or identifier.
src/main.ts(1054,65): error TS1434: Unexpected keyword or identifier.
src/main.ts(1054,93): error TS1005: ';' expected.
src/main.ts(1054,105): error TS1005: ',' expected.
src/main.ts(1054,108): error TS1005: ',' expected.
src/main.ts(1054,111): error TS1005: ',' expected.
src/main.ts(1054,269): error TS1005: ';' expected.
src/main.ts(1054,272): error TS1434: Unexpected keyword or identifier.
src/main.ts(1054,285): error TS1005: ';' expected.
src/main.ts(1054,290): error TS1005: '{' expected.
src/main.ts(1054,303): error TS1005: ';' expected.
src/main.ts(1054,314): error TS1005: ';' expected.
src/main.ts(1054,341): error TS1003: Identifier expected.
src/main.ts(1054,342): error TS1161: Unterminated regular expression literal.
src/main.ts(1055,10): error TS1161: Unterminated regular expression literal.
src/main.ts(1060,13): error TS1005: ';' expected.
src/main.ts(1060,18): error TS1005: '{' expected.
src/main.ts(1060,38): error TS1127: Invalid character.
src/main.ts(1060,41): error TS1434: Unexpected keyword or identifier.
src/main.ts(1060,45): error TS1434: Unexpected keyword or identifier.
src/main.ts(1060,52): error TS1005: ';' expected.
src/main.ts(1060,52): error TS1351: An identifier or keyword cannot immediately follow a numeric literal.
src/main.ts(1060,69): error TS1161: Unterminated regular expression literal.
src/main.ts(1061,12): error TS1005: ';' expected.
src/main.ts(1061,17): error TS1005: '{' expected.
src/main.ts(1061,35): error TS1005: ';' expected.
src/main.ts(1062,15): error TS1005: ';' expected.
src/main.ts(1062,21): error TS1434: Unexpected keyword or identifier.
src/main.ts(1062,25): error TS1434: Unexpected keyword or identifier.
src/main.ts(1062,30): error TS1434: Unexpected keyword or identifier.
src/main.ts(1062,34): error TS1434: Unexpected keyword or identifier.
src/main.ts(1062,40): error TS1434: Unexpected keyword or identifier.
src/main.ts(1062,43): error TS1434: Unexpected keyword or identifier.
src/main.ts(1062,46): error TS1434: Unexpected keyword or identifier.
src/main.ts(1062,50): error TS1434: Unexpected keyword or identifier.
src/main.ts(1062,54): error TS1434: Unexpected keyword or identifier.
src/main.ts(1062,58): error TS1434: Unexpected keyword or identifier.
src/main.ts(1062,62): error TS1434: Unexpected keyword or identifier.
src/main.ts(1062,67): error TS1434: Unexpected keyword or identifier.
src/main.ts(1062,71): error TS1434: Unexpected keyword or identifier.
src/main.ts(1062,73): error TS1434: Unexpected keyword or identifier.
src/main.ts(1062,78): error TS1434: Unexpected keyword or identifier.
src/main.ts(1062,83): error TS1434: Unexpected keyword or identifier.
src/main.ts(1063,9): error TS1003: Identifier expected.
src/main.ts(1063,10): error TS1161: Unterminated regular expression literal.
src/main.ts(1065,14): error TS1005: ';' expected.
src/main.ts(1067,19): error TS1005: '>' expected.
src/main.ts(1067,24): error TS1005: ';' expected.
src/main.ts(1067,112): error TS1127: Invalid character.
src/main.ts(1067,119): error TS1351: An identifier or keyword cannot immediately follow a numeric literal.
src/main.ts(1067,127): error TS1351: An identifier or keyword cannot immediately follow a numeric literal.
src/main.ts(1067,130): error TS1434: Unexpected keyword or identifier.
src/main.ts(1067,142): error TS1005: ',' expected.
src/main.ts(1067,149): error TS1005: ',' expected.
src/main.ts(1067,157): error TS1005: ',' expected.
src/main.ts(1067,164): error TS1161: Unterminated regular expression literal.
src/main.ts(1068,13): error TS1434: Unexpected keyword or identifier.
src/main.ts(1068,17): error TS1434: Unexpected keyword or identifier.
src/main.ts(1068,21): error TS1434: Unexpected keyword or identifier.
src/main.ts(1068,58): error TS1161: Unterminated regular expression literal.
src/main.ts(1069,12): error TS1161: Unterminated regular expression literal.
src/main.ts(1071,19): error TS1005: '>' expected.
src/main.ts(1071,24): error TS1005: ';' expected.
src/main.ts(1071,112): error TS1127: Invalid character.
src/main.ts(1071,119): error TS1351: An identifier or keyword cannot immediately follow a numeric literal.
src/main.ts(1071,123): error TS1434: Unexpected keyword or identifier.
src/main.ts(1071,127): error TS1434: Unexpected keyword or identifier.
src/main.ts(1071,149): error TS1005: ',' expected.
src/main.ts(1071,157): error TS1005: ',' expected.
src/main.ts(1071,169): error TS1161: Unterminated regular expression literal.
src/main.ts(1072,13): error TS1434: Unexpected keyword or identifier.
src/main.ts(1072,17): error TS1434: Unexpected keyword or identifier.
src/main.ts(1072,21): error TS1434: Unexpected keyword or identifier.
src/main.ts(1072,24): error TS1434: Unexpected keyword or identifier.
src/main.ts(1072,28): error TS1434: Unexpected keyword or identifier.
src/main.ts(1072,32): error TS1434: Unexpected keyword or identifier.
src/main.ts(1072,36): error TS1434: Unexpected keyword or identifier.
src/main.ts(1072,41): error TS1434: Unexpected keyword or identifier.
src/main.ts(1072,45): error TS1434: Unexpected keyword or identifier.
src/main.ts(1072,59): error TS1005: ';' expected.
src/main.ts(1072,88): error TS1005: ';' expected.
src/main.ts(1072,90): error TS1434: Unexpected keyword or identifier.
src/main.ts(1072,95): error TS1434: Unexpected keyword or identifier.
src/main.ts(1072,102): error TS1434: Unexpected keyword or identifier.
src/main.ts(1072,106): error TS1434: Unexpected keyword or identifier.
src/main.ts(1072,109): error TS1434: Unexpected keyword or identifier.
src/main.ts(1072,112): error TS1434: Unexpected keyword or identifier.
src/main.ts(1072,116): error TS1434: Unexpected keyword or identifier.
src/main.ts(1072,120): error TS1434: Unexpected keyword or identifier.
src/main.ts(1072,124): error TS1434: Unexpected keyword or identifier.
src/main.ts(1072,128): error TS1434: Unexpected keyword or identifier.
src/main.ts(1072,132): error TS1434: Unexpected keyword or identifier.
src/main.ts(1072,135): error TS1434: Unexpected keyword or identifier.
src/main.ts(1072,139): error TS1434: Unexpected keyword or identifier.
src/main.ts(1072,142): error TS1434: Unexpected keyword or identifier.
src/main.ts(1072,157): error TS1005: ';' expected.
src/main.ts(1072,161): error TS1434: Unexpected keyword or identifier.
src/main.ts(1072,164): error TS1434: Unexpected keyword or identifier.
src/main.ts(1072,177): error TS1005: ';' expected.
src/main.ts(1072,182): error TS1005: '{' expected.
src/main.ts(1072,195): error TS1005: ';' expected.
src/main.ts(1072,206): error TS1005: ';' expected.
src/main.ts(1072,218): error TS1005: ';' expected.
src/main.ts(1072,230): error TS1005: ',' expected.
src/main.ts(1072,235): error TS1161: Unterminated regular expression literal.
src/main.ts(1073,12): error TS1161: Unterminated regular expression literal.
src/main.ts(1075,19): error TS1005: '>' expected.
src/main.ts(1075,24): error TS1005: ';' expected.
src/main.ts(1075,112): error TS1127: Invalid character.
src/main.ts(1075,119): error TS1351: An identifier or keyword cannot immediately follow a numeric literal.
src/main.ts(1075,123): error TS1434: Unexpected keyword or identifier.
src/main.ts(1075,127): error TS1434: Unexpected keyword or identifier.
src/main.ts(1075,132): error TS1434: Unexpected keyword or identifier.
src/main.ts(1075,135): error TS1434: Unexpected keyword or identifier.
src/main.ts(1075,138): error TS1434: Unexpected keyword or identifier.
src/main.ts(1075,140): error TS1434: Unexpected keyword or identifier.
src/main.ts(1075,142): error TS1434: Unexpected keyword or identifier.
src/main.ts(1075,154): error TS1005: ',' expected.
src/main.ts(1075,159): error TS1005: ',' expected.
src/main.ts(1075,168): error TS1161: Unterminated regular expression literal.
src/main.ts(1076,34): error TS1005: ';' expected.
src/main.ts(1076,42): error TS1161: Unterminated regular expression literal.
src/main.ts(1077,12): error TS1161: Unterminated regular expression literal.
src/main.ts(1079,19): error TS1005: '>' expected.
src/main.ts(1079,24): error TS1005: ';' expected.
src/main.ts(1079,112): error TS1127: Invalid character.
src/main.ts(1079,119): error TS1351: An identifier or keyword cannot immediately follow a numeric literal.
src/main.ts(1079,124): error TS1005: ';' expected.
src/main.ts(1079,126): error TS1434: Unexpected keyword or identifier.
src/main.ts(1079,131): error TS1434: Unexpected keyword or identifier.
src/main.ts(1079,134): error TS1434: Unexpected keyword or identifier.
src/main.ts(1079,137): error TS1434: Unexpected keyword or identifier.
src/main.ts(1079,139): error TS1434: Unexpected keyword or identifier.
src/main.ts(1079,146): error TS1161: Unterminated regular expression literal.
src/main.ts(1080,13): error TS1434: Unexpected keyword or identifier.
src/main.ts(1080,17): error TS1434: Unexpected keyword or identifier.
src/main.ts(1080,20): error TS1434: Unexpected keyword or identifier.
src/main.ts(1080,24): error TS1434: Unexpected keyword or identifier.
src/main.ts(1080,28): error TS1434: Unexpected keyword or identifier.
src/main.ts(1080,32): error TS1434: Unexpected keyword or identifier.
src/main.ts(1080,36): error TS1434: Unexpected keyword or identifier.
src/main.ts(1080,40): error TS1434: Unexpected keyword or identifier.
src/main.ts(1080,46): error TS1434: Unexpected keyword or identifier.
src/main.ts(1080,52): error TS1434: Unexpected keyword or identifier.
src/main.ts(1080,57): error TS1434: Unexpected keyword or identifier.
src/main.ts(1080,61): error TS1434: Unexpected keyword or identifier.
src/main.ts(1080,64): error TS1434: Unexpected keyword or identifier.
src/main.ts(1080,68): error TS1434: Unexpected keyword or identifier.
src/main.ts(1080,75): error TS1434: Unexpected keyword or identifier.
src/main.ts(1080,78): error TS1434: Unexpected keyword or identifier.
src/main.ts(1080,92): error TS1005: ';' expected.
src/main.ts(1080,97): error TS1005: '{' expected.
src/main.ts(1080,110): error TS1005: ';' expected.
src/main.ts(1080,121): error TS1005: ';' expected.
src/main.ts(1080,144): error TS1003: Identifier expected.
src/main.ts(1080,153): error TS1005: ',' expected.
src/main.ts(1080,162): error TS1005: ',' expected.
src/main.ts(1080,166): error TS1005: ',' expected.
src/main.ts(1080,171): error TS1005: ',' expected.
src/main.ts(1080,181): error TS1005: ',' expected.
src/main.ts(1080,189): error TS1161: Unterminated regular expression literal.
src/main.ts(1081,12): error TS1161: Unterminated regular expression literal.
src/main.ts(1082,10): error TS1161: Unterminated regular expression literal.
src/main.ts(1087,13): error TS1005: ';' expected.
src/main.ts(1087,18): error TS1005: '{' expected.
src/main.ts(1087,38): error TS1127: Invalid character.
src/main.ts(1087,41): error TS1434: Unexpected keyword or identifier.
src/main.ts(1087,45): error TS1434: Unexpected keyword or identifier.
src/main.ts(1087,50): error TS1434: Unexpected keyword or identifier.
src/main.ts(1087,53): error TS1434: Unexpected keyword or identifier.
src/main.ts(1087,74): error TS1161: Unterminated regular expression literal.
src/main.ts(1088,12): error TS1005: ';' expected.
src/main.ts(1088,17): error TS1005: '{' expected.
src/main.ts(1088,35): error TS1005: ';' expected.
src/main.ts(1089,13): error TS1005: ';' expected.
src/main.ts(1089,17): error TS1434: Unexpected keyword or identifier.
src/main.ts(1089,21): error TS1434: Unexpected keyword or identifier.
src/main.ts(1089,26): error TS1434: Unexpected keyword or identifier.
src/main.ts(1089,29): error TS1434: Unexpected keyword or identifier.
src/main.ts(1089,32): error TS1434: Unexpected keyword or identifier.
src/main.ts(1089,35): error TS1434: Unexpected keyword or identifier.
src/main.ts(1089,39): error TS1434: Unexpected keyword or identifier.
src/main.ts(1089,44): error TS1434: Unexpected keyword or identifier.
src/main.ts(1089,47): error TS1434: Unexpected keyword or identifier.
src/main.ts(1089,50): error TS1434: Unexpected keyword or identifier.
src/main.ts(1089,55): error TS1434: Unexpected keyword or identifier.
src/main.ts(1089,59): error TS1434: Unexpected keyword or identifier.
src/main.ts(1089,63): error TS1434: Unexpected keyword or identifier.
src/main.ts(1089,66): error TS1434: Unexpected keyword or identifier.
src/main.ts(1089,70): error TS1434: Unexpected keyword or identifier.
src/main.ts(1089,73): error TS1434: Unexpected keyword or identifier.
src/main.ts(1089,75): error TS1434: Unexpected keyword or identifier.
src/main.ts(1089,79): error TS1434: Unexpected keyword or identifier.
src/main.ts(1090,9): error TS1003: Identifier expected.
src/main.ts(1090,10): error TS1161: Unterminated regular expression literal.
src/main.ts(1092,13): error TS1005: ';' expected.
src/main.ts(1092,140): error TS1127: Invalid character.
src/main.ts(1092,143): error TS1434: Unexpected keyword or identifier.
src/main.ts(1092,146): error TS1434: Unexpected keyword or identifier.
src/main.ts(1092,149): error TS1434: Unexpected keyword or identifier.
src/main.ts(1092,152): error TS1434: Unexpected keyword or identifier.
src/main.ts(1092,169): error TS1005: ',' expected.
src/main.ts(1092,181): error TS1161: Unterminated regular expression literal.
src/main.ts(1093,14): error TS1005: ';' expected.
src/main.ts(1093,19): error TS1005: '{' expected.
src/main.ts(1093,38): error TS1005: ';' expected.
src/main.ts(1094,15): error TS1005: ',' expected.
src/main.ts(1094,18): error TS1005: ';' expected.
src/main.ts(1094,20): error TS1434: Unexpected keyword or identifier.
src/main.ts(1094,22): error TS1434: Unexpected keyword or identifier.
src/main.ts(1094,25): error TS1434: Unexpected keyword or identifier.
src/main.ts(1094,35): error TS1005: ',' expected.
src/main.ts(1094,39): error TS1005: ',' expected.
src/main.ts(1094,43): error TS1005: ',' expected.
src/main.ts(1095,17): error TS1005: ';' expected.
src/main.ts(1095,29): error TS1005: ',' expected.
src/main.ts(1095,34): error TS1005: ';' expected.
src/main.ts(1095,37): error TS1434: Unexpected keyword or identifier.
src/main.ts(1095,54): error TS1005: ',' expected.
src/main.ts(1095,58): error TS1005: ';' expected.
src/main.ts(1095,60): error TS1434: Unexpected keyword or identifier.
src/main.ts(1095,64): error TS1434: Unexpected keyword or identifier.
src/main.ts(1095,69): error TS1434: Unexpected keyword or identifier.
src/main.ts(1095,74): error TS1434: Unexpected keyword or identifier.
src/main.ts(1095,86): error TS1005: ';' expected.
src/main.ts(1095,92): error TS1121: Octal literals are not allowed. Use the syntax '0o0'.
src/main.ts(1095,95): error TS1005: ';' expected.
src/main.ts(1095,97): error TS1434: Unexpected keyword or identifier.
src/main.ts(1095,102): error TS1434: Unexpected keyword or identifier.
src/main.ts(1095,105): error TS1434: Unexpected keyword or identifier.
src/main.ts(1095,109): error TS1434: Unexpected keyword or identifier.
src/main.ts(1095,116): error TS1434: Unexpected keyword or identifier.
src/main.ts(1095,119): error TS1434: Unexpected keyword or identifier.
src/main.ts(1095,122): error TS1434: Unexpected keyword or identifier.
src/main.ts(1095,125): error TS1434: Unexpected keyword or identifier.
src/main.ts(1095,139): error TS1005: ';' expected.
src/main.ts(1095,142): error TS1434: Unexpected keyword or identifier.
src/main.ts(1095,145): error TS1434: Unexpected keyword or identifier.
src/main.ts(1095,149): error TS1434: Unexpected keyword or identifier.
src/main.ts(1095,152): error TS1434: Unexpected keyword or identifier.
src/main.ts(1095,157): error TS1434: Unexpected keyword or identifier.
src/main.ts(1095,160): error TS1434: Unexpected keyword or identifier.
src/main.ts(1095,164): error TS1434: Unexpected keyword or identifier.
src/main.ts(1095,167): error TS1434: Unexpected keyword or identifier.
src/main.ts(1095,171): error TS1434: Unexpected keyword or identifier.
src/main.ts(1097,11): error TS1003: Identifier expected.
src/main.ts(1097,15): error TS1005: ']' expected.
src/main.ts(1097,17): error TS1005: ';' expected.
src/main.ts(1097,18): error TS1128: Declaration or statement expected.
src/main.ts(1097,20): error TS1434: Unexpected keyword or identifier.
src/main.ts(1097,22): error TS1434: Unexpected keyword or identifier.
src/main.ts(1097,25): error TS1434: Unexpected keyword or identifier.
src/main.ts(1097,29): error TS1434: Unexpected keyword or identifier.
src/main.ts(1098,15): error TS1005: ';' expected.
src/main.ts(1098,18): error TS1434: Unexpected keyword or identifier.
src/main.ts(1098,21): error TS1434: Unexpected keyword or identifier.
src/main.ts(1098,28): error TS1005: ';' expected.
src/main.ts(1098,28): error TS1351: An identifier or keyword cannot immediately follow a numeric literal.
src/main.ts(1098,30): error TS1434: Unexpected keyword or identifier.
src/main.ts(1098,34): error TS1434: Unexpected keyword or identifier.
src/main.ts(1098,37): error TS1434: Unexpected keyword or identifier.
src/main.ts(1098,40): error TS1434: Unexpected keyword or identifier.
src/main.ts(1098,44): error TS1434: Unexpected keyword or identifier.
src/main.ts(1098,48): error TS1434: Unexpected keyword or identifier.
src/main.ts(1098,52): error TS1434: Unexpected keyword or identifier.
src/main.ts(1098,55): error TS1434: Unexpected keyword or identifier.
src/main.ts(1098,59): error TS1434: Unexpected keyword or identifier.
src/main.ts(1098,65): error TS1434: Unexpected keyword or identifier.
src/main.ts(1098,72): error TS1005: ';' expected.
src/main.ts(1098,72): error TS1351: An identifier or keyword cannot immediately follow a numeric literal.
src/main.ts(1098,75): error TS1434: Unexpected keyword or identifier.
src/main.ts(1098,78): error TS1434: Unexpected keyword or identifier.
src/main.ts(1098,81): error TS1434: Unexpected keyword or identifier.
src/main.ts(1098,84): error TS1434: Unexpected keyword or identifier.
src/main.ts(1098,89): error TS1434: Unexpected keyword or identifier.
src/main.ts(1100,11): error TS1003: Identifier expected.
src/main.ts(1100,15): error TS1005: ']' expected.
src/main.ts(1100,17): error TS1005: ';' expected.
src/main.ts(1100,18): error TS1128: Declaration or statement expected.
src/main.ts(1100,20): error TS1434: Unexpected keyword or identifier.
src/main.ts(1100,24): error TS1434: Unexpected keyword or identifier.
src/main.ts(1100,27): error TS1434: Unexpected keyword or identifier.
src/main.ts(1100,31): error TS1434: Unexpected keyword or identifier.
src/main.ts(1100,50): error TS1005: ',' expected.
src/main.ts(1101,19): error TS1005: ';' expected.
src/main.ts(1101,22): error TS1434: Unexpected keyword or identifier.
src/main.ts(1101,25): error TS1434: Unexpected keyword or identifier.
src/main.ts(1101,43): error TS1005: ',' expected.
src/main.ts(1101,46): error TS1005: ';' expected.
src/main.ts(1101,50): error TS1434: Unexpected keyword or identifier.
src/main.ts(1101,54): error TS1434: Unexpected keyword or identifier.
src/main.ts(1101,59): error TS1434: Unexpected keyword or identifier.
src/main.ts(1101,63): error TS1434: Unexpected keyword or identifier.
src/main.ts(1101,66): error TS1434: Unexpected keyword or identifier.
src/main.ts(1101,70): error TS1434: Unexpected keyword or identifier.
src/main.ts(1101,83): error TS1005: ';' expected.
src/main.ts(1101,87): error TS1434: Unexpected keyword or identifier.
src/main.ts(1101,91): error TS1434: Unexpected keyword or identifier.
src/main.ts(1101,94): error TS1434: Unexpected keyword or identifier.
src/main.ts(1101,96): error TS1434: Unexpected keyword or identifier.
src/main.ts(1101,99): error TS1434: Unexpected keyword or identifier.
src/main.ts(1101,102): error TS1434: Unexpected keyword or identifier.
src/main.ts(1101,141): error TS1005: ';' expected.
src/main.ts(1101,145): error TS1434: Unexpected keyword or identifier.
src/main.ts(1101,148): error TS1434: Unexpected keyword or identifier.
src/main.ts(1101,152): error TS1434: Unexpected keyword or identifier.
src/main.ts(1101,156): error TS1434: Unexpected keyword or identifier.
src/main.ts(1101,161): error TS1434: Unexpected keyword or identifier.
src/main.ts(1101,164): error TS1434: Unexpected keyword or identifier.
src/main.ts(1101,167): error TS1434: Unexpected keyword or identifier.
src/main.ts(1101,170): error TS1434: Unexpected keyword or identifier.
src/main.ts(1101,173): error TS1434: Unexpected keyword or identifier.
src/main.ts(1101,177): error TS1434: Unexpected keyword or identifier.
src/main.ts(1101,182): error TS1434: Unexpected keyword or identifier.
src/main.ts(1101,185): error TS1434: Unexpected keyword or identifier.
src/main.ts(1102,9): error TS1003: Identifier expected.
src/main.ts(1102,10): error TS1161: Unterminated regular expression literal.
src/main.ts(1104,14): error TS1005: ';' expected.
src/main.ts(1105,11): error TS1109: Expression expected.
src/main.ts(1105,18): error TS1005: ',' expected.
src/main.ts(1105,21): error TS1005: ',' expected.
src/main.ts(1105,24): error TS1005: ',' expected.
src/main.ts(1105,27): error TS1005: ';' expected.
src/main.ts(1105,29): error TS1434: Unexpected keyword or identifier.
src/main.ts(1105,32): error TS1434: Unexpected keyword or identifier.
src/main.ts(1105,36): error TS1434: Unexpected keyword or identifier.
src/main.ts(1105,39): error TS1434: Unexpected keyword or identifier.
src/main.ts(1105,42): error TS1434: Unexpected keyword or identifier.
src/main.ts(1105,45): error TS1434: Unexpected keyword or identifier.
src/main.ts(1105,48): error TS1434: Unexpected keyword or identifier.
src/main.ts(1105,50): error TS1434: Unexpected keyword or identifier.
src/main.ts(1105,54): error TS1434: Unexpected keyword or identifier.
src/main.ts(1105,57): error TS1434: Unexpected keyword or identifier.
src/main.ts(1105,60): error TS1434: Unexpected keyword or identifier.
src/main.ts(1105,63): error TS1434: Unexpected keyword or identifier.
src/main.ts(1105,65): error TS1434: Unexpected keyword or identifier.
src/main.ts(1105,68): error TS1434: Unexpected keyword or identifier.
src/main.ts(1105,71): error TS1434: Unexpected keyword or identifier.
src/main.ts(1105,75): error TS1434: Unexpected keyword or identifier.
src/main.ts(1105,78): error TS1434: Unexpected keyword or identifier.
src/main.ts(1105,83): error TS1434: Unexpected keyword or identifier.
src/main.ts(1105,87): error TS1434: Unexpected keyword or identifier.
src/main.ts(1105,100): error TS1005: ';' expected.
src/main.ts(1105,105): error TS1005: '{' expected.
src/main.ts(1105,118): error TS1005: ';' expected.
src/main.ts(1105,129): error TS1005: ';' expected.
src/main.ts(1105,141): error TS1005: ';' expected.
src/main.ts(1105,210): error TS1005: ';' expected.
src/main.ts(1105,432): error TS1005: ';' expected.
src/main.ts(1105,442): error TS1003: Identifier expected.
src/main.ts(1106,10): error TS1110: Type expected.
src/main.ts(1111,13): error TS1005: ';' expected.
src/main.ts(1111,18): error TS1005: '{' expected.
src/main.ts(1111,38): error TS1005: ';' expected.
src/main.ts(1111,61): error TS1127: Invalid character.
src/main.ts(1111,62): error TS1127: Invalid character.
src/main.ts(1111,64): error TS1434: Unexpected keyword or identifier.
src/main.ts(1111,68): error TS1434: Unexpected keyword or identifier.
src/main.ts(1111,76): error TS1434: Unexpected keyword or identifier.
src/main.ts(1111,89): error TS1005: ',' expected.
src/main.ts(1111,99): error TS1003: Identifier expected.
src/main.ts(1111,101): error TS1161: Unterminated regular expression literal.
src/main.ts(1112,12): error TS1005: ';' expected.
src/main.ts(1112,17): error TS1005: '{' expected.
src/main.ts(1113,22): error TS1005: ';' expected.
src/main.ts(1113,31): error TS1005: ',' expected.
src/main.ts(1113,41): error TS1003: Identifier expected.
src/main.ts(1114,9): error TS1003: Identifier expected.
src/main.ts(1114,10): error TS1161: Unterminated regular expression literal.
src/main.ts(1116,14): error TS1005: ';' expected.
src/main.ts(1117,19): error TS1127: Invalid character.
src/main.ts(1117,21): error TS1127: Invalid character.
src/main.ts(1117,23): error TS1434: Unexpected keyword or identifier.
src/main.ts(1117,27): error TS1434: Unexpected keyword or identifier.
src/main.ts(1117,31): error TS1434: Unexpected keyword or identifier.
src/main.ts(1117,35): error TS1434: Unexpected keyword or identifier.
src/main.ts(1117,39): error TS1434: Unexpected keyword or identifier.
src/main.ts(1117,42): error TS1434: Unexpected keyword or identifier.
src/main.ts(1117,45): error TS1434: Unexpected keyword or identifier.
src/main.ts(1117,57): error TS1005: ';' expected.
src/main.ts(1117,59): error TS1110: Type expected.
src/main.ts(1119,10): error TS1161: Unterminated regular expression literal.
src/main.ts(1121,13): error TS1005: ';' expected.
src/main.ts(1121,72): error TS1127: Invalid character.
src/main.ts(1121,75): error TS1434: Unexpected keyword or identifier.
src/main.ts(1121,81): error TS1434: Unexpected keyword or identifier.
src/main.ts(1121,84): error TS1434: Unexpected keyword or identifier.
src/main.ts(1121,90): error TS1161: Unterminated regular expression literal.
src/main.ts(1122,13): error TS1005: ';' expected.
src/main.ts(1122,18): error TS1005: '{' expected.
src/main.ts(1122,31): error TS1005: ';' expected.
src/main.ts(1123,27): error TS1005: ';' expected.
src/main.ts(1123,31): error TS1434: Unexpected keyword or identifier.
src/main.ts(1123,39): error TS1110: Type expected.
src/main.ts(1124,28): error TS1005: ';' expected.
src/main.ts(1124,36): error TS1110: Type expected.
src/main.ts(1125,10): error TS1110: Type expected.
src/main.ts(1130,13): error TS1005: ';' expected.
src/main.ts(1130,18): error TS1005: '{' expected.
src/main.ts(1130,38): error TS1127: Invalid character.
src/main.ts(1130,41): error TS1434: Unexpected keyword or identifier.
src/main.ts(1130,45): error TS1434: Unexpected keyword or identifier.
src/main.ts(1130,61): error TS1005: ',' expected.
src/main.ts(1130,70): error TS1005: ',' expected.
src/main.ts(1130,77): error TS1005: ',' expected.
src/main.ts(1130,85): error TS1161: Unterminated regular expression literal.
src/main.ts(1131,12): error TS1005: ';' expected.
src/main.ts(1131,17): error TS1005: '{' expected.
src/main.ts(1132,23): error TS1005: ';' expected.
src/main.ts(1132,27): error TS1434: Unexpected keyword or identifier.
src/main.ts(1132,36): error TS1005: ',' expected.
src/main.ts(1132,41): error TS1161: Unterminated regular expression literal.
src/main.ts(1133,10): error TS1161: Unterminated regular expression literal.
src/main.ts(1135,14): error TS1005: ';' expected.
src/main.ts(1136,17): error TS1005: '>' expected.
src/main.ts(1136,22): error TS1005: ';' expected.
src/main.ts(1137,22): error TS1005: ',' expected.
src/main.ts(1137,29): error TS1005: ',' expected.
src/main.ts(1137,47): error TS1109: Expression expected.
src/main.ts(1137,50): error TS1109: Expression expected.
src/main.ts(1137,53): error TS1109: Expression expected.
src/main.ts(1137,67): error TS1005: ',' expected.
src/main.ts(1137,72): error TS1005: ',' expected.
src/main.ts(1138,12): error TS1161: Unterminated regular expression literal.
src/main.ts(1139,10): error TS1161: Unterminated regular expression literal.
src/main.ts(1141,13): error TS1005: ';' expected.
src/main.ts(1141,111): error TS1127: Invalid character.
src/main.ts(1141,114): error TS1434: Unexpected keyword or identifier.
src/main.ts(1141,117): error TS1434: Unexpected keyword or identifier.
src/main.ts(1141,121): error TS1434: Unexpected keyword or identifier.
src/main.ts(1141,124): error TS1434: Unexpected keyword or identifier.
src/main.ts(1141,127): error TS1434: Unexpected keyword or identifier.
src/main.ts(1141,133): error TS1161: Unterminated regular expression literal.
src/main.ts(1142,12): error TS1005: ';' expected.
src/main.ts(1142,17): error TS1005: '{' expected.
src/main.ts(1142,35): error TS1005: ';' expected.
src/main.ts(1143,14): error TS1005: ';' expected.
src/main.ts(1143,17): error TS1434: Unexpected keyword or identifier.
src/main.ts(1143,20): error TS1434: Unexpected keyword or identifier.
src/main.ts(1143,23): error TS1434: Unexpected keyword or identifier.
src/main.ts(1143,26): error TS1434: Unexpected keyword or identifier.
src/main.ts(1143,29): error TS1434: Unexpected keyword or identifier.
src/main.ts(1143,42): error TS1005: ',' expected.
src/main.ts(1143,50): error TS1005: ',' expected.
src/main.ts(1143,55): error TS1005: ';' expected.
src/main.ts(1143,57): error TS1434: Unexpected keyword or identifier.
src/main.ts(1143,63): error TS1434: Unexpected keyword or identifier.
src/main.ts(1143,66): error TS1434: Unexpected keyword or identifier.
src/main.ts(1143,69): error TS1434: Unexpected keyword or identifier.
src/main.ts(1143,73): error TS1434: Unexpected keyword or identifier.
src/main.ts(1143,87): error TS1005: ';' expected.
src/main.ts(1143,90): error TS1434: Unexpected keyword or identifier.
src/main.ts(1143,93): error TS1434: Unexpected keyword or identifier.
src/main.ts(1143,97): error TS1434: Unexpected keyword or identifier.
src/main.ts(1143,102): error TS1434: Unexpected keyword or identifier.
src/main.ts(1143,105): error TS1434: Unexpected keyword or identifier.
src/main.ts(1143,116): error TS1003: Identifier expected.
src/main.ts(1144,26): error TS1005: ';' expected.
src/main.ts(1144,44): error TS1005: ',' expected.
src/main.ts(1144,48): error TS1005: ';' expected.
src/main.ts(1144,50): error TS1434: Unexpected keyword or identifier.
src/main.ts(1144,54): error TS1434: Unexpected keyword or identifier.
src/main.ts(1144,57): error TS1434: Unexpected keyword or identifier.
src/main.ts(1144,67): error TS1003: Identifier expected.
src/main.ts(1144,68): error TS1161: Unterminated regular expression literal.
src/main.ts(1145,10): error TS1161: Unterminated regular expression literal.
src/main.ts(1150,13): error TS1005: ';' expected.
src/main.ts(1150,18): error TS1005: '{' expected.
src/main.ts(1150,38): error TS1127: Invalid character.
src/main.ts(1150,41): error TS1434: Unexpected keyword or identifier.
src/main.ts(1150,44): error TS1434: Unexpected keyword or identifier.
src/main.ts(1150,47): error TS1434: Unexpected keyword or identifier.
src/main.ts(1150,62): error TS1005: ',' expected.
src/main.ts(1150,71): error TS1005: ',' expected.
src/main.ts(1150,77): error TS1005: ';' expected.
src/main.ts(1150,83): error TS1161: Unterminated regular expression literal.
src/main.ts(1151,12): error TS1005: ';' expected.
src/main.ts(1151,17): error TS1005: '{' expected.
src/main.ts(1152,15): error TS1005: ';' expected.
src/main.ts(1152,21): error TS1434: Unexpected keyword or identifier.
src/main.ts(1152,24): error TS1434: Unexpected keyword or identifier.
src/main.ts(1152,35): error TS1434: Unexpected keyword or identifier.
src/main.ts(1152,43): error TS1434: Unexpected keyword or identifier.
src/main.ts(1152,47): error TS1434: Unexpected keyword or identifier.
src/main.ts(1152,51): error TS1434: Unexpected keyword or identifier.
src/main.ts(1152,54): error TS1434: Unexpected keyword or identifier.
src/main.ts(1152,58): error TS1434: Unexpected keyword or identifier.
src/main.ts(1152,61): error TS1434: Unexpected keyword or identifier.
src/main.ts(1152,65): error TS1434: Unexpected keyword or identifier.
src/main.ts(1152,67): error TS1434: Unexpected keyword or identifier.
src/main.ts(1152,70): error TS1434: Unexpected keyword or identifier.
src/main.ts(1152,73): error TS1434: Unexpected keyword or identifier.
src/main.ts(1152,76): error TS1434: Unexpected keyword or identifier.
src/main.ts(1152,79): error TS1434: Unexpected keyword or identifier.
src/main.ts(1152,83): error TS1434: Unexpected keyword or identifier.
src/main.ts(1153,9): error TS1003: Identifier expected.
src/main.ts(1153,10): error TS1161: Unterminated regular expression literal.
src/main.ts(1155,13): error TS1005: ';' expected.
src/main.ts(1155,72): error TS1127: Invalid character.
src/main.ts(1155,78): error TS1005: ';' expected.
src/main.ts(1155,95): error TS1005: ',' expected.
src/main.ts(1155,107): error TS1161: Unterminated regular expression literal.
src/main.ts(1156,12): error TS1005: ';' expected.
src/main.ts(1156,17): error TS1005: '{' expected.
src/main.ts(1156,35): error TS1005: ';' expected.
src/main.ts(1157,11): error TS1109: Expression expected.
src/main.ts(1157,16): error TS1005: ';' expected.
src/main.ts(1157,20): error TS1434: Unexpected keyword or identifier.
src/main.ts(1157,25): error TS1434: Unexpected keyword or identifier.
src/main.ts(1157,30): error TS1434: Unexpected keyword or identifier.
src/main.ts(1157,33): error TS1434: Unexpected keyword or identifier.
src/main.ts(1157,38): error TS1434: Unexpected keyword or identifier.
src/main.ts(1157,43): error TS1434: Unexpected keyword or identifier.
src/main.ts(1157,47): error TS1434: Unexpected keyword or identifier.
src/main.ts(1157,51): error TS1434: Unexpected keyword or identifier.
src/main.ts(1157,54): error TS1434: Unexpected keyword or identifier.
src/main.ts(1157,62): error TS1005: ';' expected.
src/main.ts(1157,62): error TS1351: An identifier or keyword cannot immediately follow a numeric literal.
src/main.ts(1157,64): error TS1434: Unexpected keyword or identifier.
src/main.ts(1157,67): error TS1434: Unexpected keyword or identifier.
src/main.ts(1157,71): error TS1434: Unexpected keyword or identifier.
src/main.ts(1157,76): error TS1434: Unexpected keyword or identifier.
src/main.ts(1157,81): error TS1434: Unexpected keyword or identifier.
src/main.ts(1157,84): error TS1434: Unexpected keyword or identifier.
src/main.ts(1157,87): error TS1434: Unexpected keyword or identifier.
src/main.ts(1157,90): error TS1434: Unexpected keyword or identifier.
src/main.ts(1157,100): error TS1003: Identifier expected.
src/main.ts(1158,17): error TS1005: ';' expected.
src/main.ts(1158,21): error TS1434: Unexpected keyword or identifier.
src/main.ts(1158,23): error TS1434: Unexpected keyword or identifier.
src/main.ts(1158,26): error TS1434: Unexpected keyword or identifier.
src/main.ts(1158,30): error TS1434: Unexpected keyword or identifier.
src/main.ts(1158,34): error TS1434: Unexpected keyword or identifier.
src/main.ts(1158,37): error TS1434: Unexpected keyword or identifier.
src/main.ts(1158,40): error TS1434: Unexpected keyword or identifier.
src/main.ts(1158,43): error TS1434: Unexpected keyword or identifier.
src/main.ts(1158,46): error TS1434: Unexpected keyword or identifier.
src/main.ts(1158,50): error TS1434: Unexpected keyword or identifier.
src/main.ts(1158,56): error TS1434: Unexpected keyword or identifier.
src/main.ts(1158,59): error TS1434: Unexpected keyword or identifier.
src/main.ts(1158,63): error TS1434: Unexpected keyword or identifier.
src/main.ts(1158,66): error TS1434: Unexpected keyword or identifier.
src/main.ts(1158,69): error TS1434: Unexpected keyword or identifier.
src/main.ts(1158,80): error TS1005: ';' expected.
src/main.ts(1158,82): error TS1434: Unexpected keyword or identifier.
src/main.ts(1158,86): error TS1434: Unexpected keyword or identifier.
src/main.ts(1158,89): error TS1434: Unexpected keyword or identifier.
src/main.ts(1158,94): error TS1434: Unexpected keyword or identifier.
src/main.ts(1159,9): error TS1003: Identifier expected.
src/main.ts(1159,10): error TS1161: Unterminated regular expression literal.
src/main.ts(1161,13): error TS1005: ';' expected.
src/main.ts(1161,72): error TS1127: Invalid character.
src/main.ts(1161,78): error TS1005: ';' expected.
src/main.ts(1161,96): error TS1005: ',' expected.
src/main.ts(1161,110): error TS1161: Unterminated regular expression literal.
src/main.ts(1162,12): error TS1005: ';' expected.
src/main.ts(1162,17): error TS1005: '{' expected.
src/main.ts(1162,35): error TS1005: ';' expected.
src/main.ts(1163,11): error TS1109: Expression expected.
src/main.ts(1163,16): error TS1005: ';' expected.
src/main.ts(1163,20): error TS1434: Unexpected keyword or identifier.
src/main.ts(1163,24): error TS1434: Unexpected keyword or identifier.
src/main.ts(1163,27): error TS1434: Unexpected keyword or identifier.
src/main.ts(1163,31): error TS1434: Unexpected keyword or identifier.
src/main.ts(1163,34): error TS1434: Unexpected keyword or identifier.
src/main.ts(1163,38): error TS1434: Unexpected keyword or identifier.
src/main.ts(1163,42): error TS1434: Unexpected keyword or identifier.
src/main.ts(1163,47): error TS1434: Unexpected keyword or identifier.
src/main.ts(1163,51): error TS1434: Unexpected keyword or identifier.
src/main.ts(1163,56): error TS1434: Unexpected keyword or identifier.
src/main.ts(1163,62): error TS1434: Unexpected keyword or identifier.
src/main.ts(1163,77): error TS1005: ';' expected.
src/main.ts(1163,80): error TS1434: Unexpected keyword or identifier.
src/main.ts(1163,82): error TS1434: Unexpected keyword or identifier.
src/main.ts(1163,86): error TS1434: Unexpected keyword or identifier.
src/main.ts(1163,91): error TS1434: Unexpected keyword or identifier.
src/main.ts(1163,95): error TS1434: Unexpected keyword or identifier.
src/main.ts(1163,98): error TS1434: Unexpected keyword or identifier.
src/main.ts(1163,101): error TS1434: Unexpected keyword or identifier.
src/main.ts(1163,104): error TS1434: Unexpected keyword or identifier.
src/main.ts(1164,9): error TS1003: Identifier expected.
src/main.ts(1164,10): error TS1161: Unterminated regular expression literal.
src/main.ts(1166,13): error TS1005: ';' expected.
src/main.ts(1166,72): error TS1127: Invalid character.
src/main.ts(1166,77): error TS1005: ';' expected.
src/main.ts(1166,95): error TS1005: ',' expected.
src/main.ts(1166,108): error TS1161: Unterminated regular expression literal.
src/main.ts(1167,12): error TS1005: ';' expected.
src/main.ts(1167,17): error TS1005: '{' expected.
src/main.ts(1167,35): error TS1005: ';' expected.
src/main.ts(1168,11): error TS1109: Expression expected.
src/main.ts(1168,16): error TS1005: ';' expected.
src/main.ts(1168,20): error TS1434: Unexpected keyword or identifier.
src/main.ts(1168,23): error TS1434: Unexpected keyword or identifier.
src/main.ts(1168,27): error TS1434: Unexpected keyword or identifier.
src/main.ts(1168,31): error TS1434: Unexpected keyword or identifier.
src/main.ts(1168,36): error TS1434: Unexpected keyword or identifier.
src/main.ts(1168,38): error TS1434: Unexpected keyword or identifier.
src/main.ts(1168,41): error TS1434: Unexpected keyword or identifier.
src/main.ts(1168,45): error TS1434: Unexpected keyword or identifier.
src/main.ts(1168,50): error TS1434: Unexpected keyword or identifier.
src/main.ts(1168,53): error TS1434: Unexpected keyword or identifier.
src/main.ts(1168,56): error TS1434: Unexpected keyword or identifier.
src/main.ts(1168,59): error TS1434: Unexpected keyword or identifier.
src/main.ts(1168,70): error TS1005: ',' expected.
src/main.ts(1168,76): error TS1005: ';' expected.
src/main.ts(1168,79): error TS1434: Unexpected keyword or identifier.
src/main.ts(1168,84): error TS1434: Unexpected keyword or identifier.
src/main.ts(1168,87): error TS1434: Unexpected keyword or identifier.
src/main.ts(1168,92): error TS1434: Unexpected keyword or identifier.
src/main.ts(1168,96): error TS1434: Unexpected keyword or identifier.
src/main.ts(1168,99): error TS1434: Unexpected keyword or identifier.
src/main.ts(1168,103): error TS1434: Unexpected keyword or identifier.
src/main.ts(1168,105): error TS1434: Unexpected keyword or identifier.
src/main.ts(1168,108): error TS1434: Unexpected keyword or identifier.
src/main.ts(1168,111): error TS1434: Unexpected keyword or identifier.
src/main.ts(1168,114): error TS1434: Unexpected keyword or identifier.
src/main.ts(1168,117): error TS1434: Unexpected keyword or identifier.
src/main.ts(1168,132): error TS1005: ';' expected.
src/main.ts(1168,135): error TS1434: Unexpected keyword or identifier.
src/main.ts(1168,138): error TS1434: Unexpected keyword or identifier.
src/main.ts(1169,9): error TS1003: Identifier expected.
src/main.ts(1169,10): error TS1161: Unterminated regular expression literal.
src/main.ts(1174,13): error TS1005: ';' expected.
src/main.ts(1174,18): error TS1005: '{' expected.
src/main.ts(1174,38): error TS1127: Invalid character.
src/main.ts(1174,41): error TS1434: Unexpected keyword or identifier.
src/main.ts(1174,59): error TS1005: ',' expected.
src/main.ts(1174,70): error TS1005: ',' expected.
src/main.ts(1174,77): error TS1005: ',' expected.
src/main.ts(1174,83): error TS1161: Unterminated regular expression literal.
src/main.ts(1175,12): error TS1005: ';' expected.
src/main.ts(1175,17): error TS1005: '{' expected.
src/main.ts(1176,30): error TS1005: ';' expected.
src/main.ts(1176,37): error TS1434: Unexpected keyword or identifier.
src/main.ts(1176,40): error TS1434: Unexpected keyword or identifier.
src/main.ts(1176,44): error TS1434: Unexpected keyword or identifier.
src/main.ts(1176,52): error TS1161: Unterminated regular expression literal.
src/main.ts(1177,10): error TS1161: Unterminated regular expression literal.
src/main.ts(1179,14): error TS1005: ';' expected.
src/main.ts(1180,19): error TS1127: Invalid character.
src/main.ts(1180,20): error TS1127: Invalid character.
src/main.ts(1180,22): error TS1434: Unexpected keyword or identifier.
src/main.ts(1180,25): error TS1434: Unexpected keyword or identifier.
src/main.ts(1180,28): error TS1434: Unexpected keyword or identifier.
src/main.ts(1180,47): error TS1005: ';' expected.
src/main.ts(1180,49): error TS1110: Type expected.
src/main.ts(1182,10): error TS1161: Unterminated regular expression literal.
src/main.ts(1184,13): error TS1005: ';' expected.
src/main.ts(1184,57): error TS1127: Invalid character.
src/main.ts(1184,60): error TS1434: Unexpected keyword or identifier.
src/main.ts(1184,63): error TS1434: Unexpected keyword or identifier.
src/main.ts(1184,66): error TS1434: Unexpected keyword or identifier.
src/main.ts(1184,69): error TS1434: Unexpected keyword or identifier.
src/main.ts(1184,73): error TS1434: Unexpected keyword or identifier.
src/main.ts(1184,81): error TS1161: Unterminated regular expression literal.
src/main.ts(1185,13): error TS1005: ';' expected.
src/main.ts(1185,18): error TS1005: '{' expected.
src/main.ts(1185,31): error TS1005: ';' expected.
src/main.ts(1186,19): error TS1005: ';' expected.
src/main.ts(1186,23): error TS1434: Unexpected keyword or identifier.
src/main.ts(1186,26): error TS1434: Unexpected keyword or identifier.
src/main.ts(1186,32): error TS1005: ';' expected.
src/main.ts(1186,32): error TS1351: An identifier or keyword cannot immediately follow a numeric literal.
src/main.ts(1186,34): error TS1161: Unterminated regular expression literal.
src/main.ts(1187,19): error TS1005: ';' expected.
src/main.ts(1187,35): error TS1005: ';' expected.
src/main.ts(1187,37): error TS1005: ';' expected.
src/main.ts(1187,37): error TS1351: An identifier or keyword cannot immediately follow a numeric literal.
src/main.ts(1187,39): error TS1161: Unterminated regular expression literal.
src/main.ts(1188,18): error TS1005: ';' expected.
src/main.ts(1188,21): error TS1434: Unexpected keyword or identifier.
src/main.ts(1188,23): error TS1434: Unexpected keyword or identifier.
src/main.ts(1188,27): error TS1434: Unexpected keyword or identifier.
src/main.ts(1188,30): error TS1434: Unexpected keyword or identifier.
src/main.ts(1188,33): error TS1434: Unexpected keyword or identifier.
src/main.ts(1188,36): error TS1434: Unexpected keyword or identifier.
src/main.ts(1188,43): error TS1161: Unterminated regular expression literal.
src/main.ts(1189,18): error TS1005: ';' expected.
src/main.ts(1189,21): error TS1434: Unexpected keyword or identifier.
src/main.ts(1189,29): error TS1005: ';' expected.
src/main.ts(1189,34): error TS1434: Unexpected keyword or identifier.
src/main.ts(1189,59): error TS1005: ',' expected.
src/main.ts(1189,63): error TS1005: ',' expected.
src/main.ts(1189,66): error TS1005: ',' expected.
src/main.ts(1189,69): error TS1005: ',' expected.
src/main.ts(1189,73): error TS1161: Unterminated regular expression literal.
src/main.ts(1190,10): error TS1161: Unterminated regular expression literal.
src/main.ts(1195,13): error TS1005: ';' expected.
src/main.ts(1195,18): error TS1005: '{' expected.
src/main.ts(1195,38): error TS1127: Invalid character.
src/main.ts(1195,54): error TS1003: Identifier expected.
src/main.ts(1195,63): error TS1005: ',' expected.
src/main.ts(1195,72): error TS1005: ',' expected.
src/main.ts(1195,76): error TS1005: ',' expected.
src/main.ts(1195,81): error TS1005: ',' expected.
src/main.ts(1195,91): error TS1005: ',' expected.
src/main.ts(1195,99): error TS1161: Unterminated regular expression literal.
src/main.ts(1196,12): error TS1005: ';' expected.
src/main.ts(1196,17): error TS1005: '{' expected.
src/main.ts(1197,31): error TS1003: Identifier expected.
src/main.ts(1197,36): error TS1005: ',' expected.
src/main.ts(1197,40): error TS1005: ',' expected.
src/main.ts(1197,42): error TS1005: ',' expected.
src/main.ts(1197,46): error TS1005: ',' expected.
src/main.ts(1197,52): error TS1161: Unterminated regular expression literal.
src/main.ts(1198,10): error TS1161: Unterminated regular expression literal.
src/main.ts(1200,12): error TS1005: ';' expected.
src/main.ts(1200,17): error TS1005: '{' expected.
src/main.ts(1200,35): error TS1005: ';' expected.
src/main.ts(1201,13): error TS1005: ';' expected.
src/main.ts(1201,18): error TS1434: Unexpected keyword or identifier.
src/main.ts(1201,22): error TS1434: Unexpected keyword or identifier.
src/main.ts(1201,25): error TS1434: Unexpected keyword or identifier.
src/main.ts(1201,289): error TS1005: ';' expected.
src/main.ts(1201,292): error TS1434: Unexpected keyword or identifier.
src/main.ts(1201,295): error TS1434: Unexpected keyword or identifier.
src/main.ts(1201,298): error TS1434: Unexpected keyword or identifier.
src/main.ts(1201,303): error TS1434: Unexpected keyword or identifier.
src/main.ts(1201,309): error TS1434: Unexpected keyword or identifier.
src/main.ts(1202,9): error TS1003: Identifier expected.
src/main.ts(1202,10): error TS1161: Unterminated regular expression literal.
src/main.ts(1207,13): error TS1005: ';' expected.
src/main.ts(1207,18): error TS1005: '{' expected.
src/main.ts(1207,38): error TS1127: Invalid character.
src/main.ts(1207,57): error TS1005: ';' expected.
src/main.ts(1207,60): error TS1434: Unexpected keyword or identifier.
src/main.ts(1207,80): error TS1161: Unterminated regular expression literal.
src/main.ts(1208,12): error TS1005: ';' expected.
src/main.ts(1208,17): error TS1005: '{' expected.
src/main.ts(1209,31): error TS1003: Identifier expected.
src/main.ts(1209,43): error TS1005: ',' expected.
src/main.ts(1209,51): error TS1005: ',' expected.
src/main.ts(1209,62): error TS1005: ',' expected.
src/main.ts(1209,87): error TS1005: ',' expected.
src/main.ts(1209,95): error TS1161: Unterminated regular expression literal.
src/main.ts(1210,10): error TS1161: Unterminated regular expression literal.
src/main.ts(1212,13): error TS1005: ';' expected.
src/main.ts(1212,111): error TS1127: Invalid character.
src/main.ts(1212,114): error TS1434: Unexpected keyword or identifier.
src/main.ts(1212,119): error TS1434: Unexpected keyword or identifier.
src/main.ts(1212,125): error TS1161: Unterminated regular expression literal.
src/main.ts(1213,13): error TS1005: ';' expected.
src/main.ts(1213,18): error TS1005: '{' expected.
src/main.ts(1213,31): error TS1005: ';' expected.
src/main.ts(1214,27): error TS1005: ';' expected.
src/main.ts(1214,29): error TS1110: Type expected.
src/main.ts(1215,26): error TS1005: ';' expected.
src/main.ts(1215,29): error TS1434: Unexpected keyword or identifier.
src/main.ts(1215,36): error TS1110: Type expected.
src/main.ts(1216,26): error TS1005: ';' expected.
src/main.ts(1216,33): error TS1110: Type expected.
src/main.ts(1217,10): error TS1110: Type expected.
src/main.ts(1219,14): error TS1005: ';' expected.
src/main.ts(1220,19): error TS1127: Invalid character.
src/main.ts(1220,20): error TS1127: Invalid character.
src/main.ts(1220,25): error TS1005: ',' expected.
src/main.ts(1220,30): error TS1005: ',' expected.
src/main.ts(1220,33): error TS1005: ',' expected.
src/main.ts(1220,36): error TS1005: ',' expected.
src/main.ts(1220,40): error TS1161: Unterminated regular expression literal.
src/main.ts(1221,27): error TS1005: ';' expected.
src/main.ts(1221,30): error TS1434: Unexpected keyword or identifier.
src/main.ts(1221,33): error TS1434: Unexpected keyword or identifier.
src/main.ts(1221,36): error TS1434: Unexpected keyword or identifier.
src/main.ts(1221,54): error TS1005: ';' expected.
src/main.ts(1221,67): error TS1005: ',' expected.
src/main.ts(1221,357): error TS1005: ';' expected.
src/main.ts(1222,9): error TS1003: Identifier expected.
src/main.ts(1222,10): error TS1161: Unterminated regular expression literal.
src/main.ts(1227,13): error TS1005: ';' expected.
src/main.ts(1227,18): error TS1005: '{' expected.
src/main.ts(1227,38): error TS1127: Invalid character.
src/main.ts(1227,41): error TS1434: Unexpected keyword or identifier.
src/main.ts(1227,59): error TS1005: ',' expected.
src/main.ts(1227,67): error TS1005: ';' expected.
src/main.ts(1227,70): error TS1434: Unexpected keyword or identifier.
src/main.ts(1227,77): error TS1161: Unterminated regular expression literal.
src/main.ts(1228,12): error TS1005: ';' expected.
src/main.ts(1228,17): error TS1005: '{' expected.
src/main.ts(1229,13): error TS1005: ';' expected.
src/main.ts(1229,32): error TS1005: ';' expected.
src/main.ts(1229,50): error TS1005: ';' expected.
src/main.ts(1229,54): error TS1434: Unexpected keyword or identifier.
src/main.ts(1229,57): error TS1434: Unexpected keyword or identifier.
src/main.ts(1229,61): error TS1434: Unexpected keyword or identifier.
src/main.ts(1229,66): error TS1434: Unexpected keyword or identifier.
src/main.ts(1229,85): error TS1005: ';' expected.
src/main.ts(1229,98): error TS1005: ',' expected.
src/main.ts(1229,106): error TS1161: Unterminated regular expression literal.
src/main.ts(1230,10): error TS1161: Unterminated regular expression literal.
src/main.ts(1232,13): error TS1005: ';' expected.
src/main.ts(1232,92): error TS1127: Invalid character.
src/main.ts(1232,95): error TS1434: Unexpected keyword or identifier.
src/main.ts(1232,99): error TS1434: Unexpected keyword or identifier.
src/main.ts(1232,102): error TS1434: Unexpected keyword or identifier.
src/main.ts(1232,104): error TS1434: Unexpected keyword or identifier.
src/main.ts(1232,110): error TS1161: Unterminated regular expression literal.
src/main.ts(1233,12): error TS1005: ';' expected.
src/main.ts(1233,17): error TS1005: '{' expected.
src/main.ts(1233,35): error TS1005: ';' expected.
src/main.ts(1234,14): error TS1005: ';' expected.
src/main.ts(1234,18): error TS1005: ';' expected.
src/main.ts(1234,18): error TS1351: An identifier or keyword cannot immediately follow a numeric literal.
src/main.ts(1234,18): error TS1434: Unexpected keyword or identifier.
src/main.ts(1234,21): error TS1005: ';' expected.
src/main.ts(1234,21): error TS1351: An identifier or keyword cannot immediately follow a numeric literal.
src/main.ts(1234,21): error TS1434: Unexpected keyword or identifier.
src/main.ts(1234,25): error TS1005: ';' expected.
src/main.ts(1234,25): error TS1351: An identifier or keyword cannot immediately follow a numeric literal.
src/main.ts(1234,33): error TS1005: ';' expected.
src/main.ts(1234,37): error TS1434: Unexpected keyword or identifier.
src/main.ts(1234,41): error TS1434: Unexpected keyword or identifier.
src/main.ts(1234,46): error TS1434: Unexpected keyword or identifier.
src/main.ts(1234,49): error TS1434: Unexpected keyword or identifier.
src/main.ts(1234,55): error TS1434: Unexpected keyword or identifier.
src/main.ts(1234,59): error TS1434: Unexpected keyword or identifier.
src/main.ts(1234,62): error TS1434: Unexpected keyword or identifier.
src/main.ts(1234,65): error TS1434: Unexpected keyword or identifier.
src/main.ts(1234,71): error TS1434: Unexpected keyword or identifier.
src/main.ts(1234,74): error TS1434: Unexpected keyword or identifier.
src/main.ts(1234,77): error TS1434: Unexpected keyword or identifier.
src/main.ts(1234,87): error TS1003: Identifier expected.
src/main.ts(1235,14): error TS1005: ';' expected.
src/main.ts(1235,16): error TS1434: Unexpected keyword or identifier.
src/main.ts(1235,36): error TS1005: ';' expected.
src/main.ts(1235,40): error TS1434: Unexpected keyword or identifier.
src/main.ts(1235,44): error TS1434: Unexpected keyword or identifier.
src/main.ts(1235,48): error TS1434: Unexpected keyword or identifier.
src/main.ts(1235,52): error TS1434: Unexpected keyword or identifier.
src/main.ts(1235,58): error TS1434: Unexpected keyword or identifier.
src/main.ts(1235,62): error TS1434: Unexpected keyword or identifier.
src/main.ts(1235,65): error TS1434: Unexpected keyword or identifier.
src/main.ts(1235,79): error TS1005: ';' expected.
src/main.ts(1235,82): error TS1434: Unexpected keyword or identifier.
src/main.ts(1235,86): error TS1434: Unexpected keyword or identifier.
src/main.ts(1235,89): error TS1434: Unexpected keyword or identifier.
src/main.ts(1235,93): error TS1434: Unexpected keyword or identifier.
src/main.ts(1235,97): error TS1434: Unexpected keyword or identifier.
src/main.ts(1235,101): error TS1434: Unexpected keyword or identifier.
src/main.ts(1235,104): error TS1434: Unexpected keyword or identifier.
src/main.ts(1235,115): error TS1003: Identifier expected.
src/main.ts(1236,24): error TS1005: ';' expected.
src/main.ts(1236,26): error TS1110: Type expected.
src/main.ts(1237,10): error TS1161: Unterminated regular expression literal.
src/main.ts(1239,14): error TS1005: ';' expected.
src/main.ts(1240,19): error TS1127: Invalid character.
src/main.ts(1240,22): error TS1434: Unexpected keyword or identifier.
src/main.ts(1240,25): error TS1434: Unexpected keyword or identifier.
src/main.ts(1240,29): error TS1434: Unexpected keyword or identifier.
src/main.ts(1240,36): error TS1110: Type expected.
src/main.ts(1242,10): error TS1161: Unterminated regular expression literal.
src/main.ts(1247,13): error TS1005: ';' expected.
src/main.ts(1247,18): error TS1005: '{' expected.
src/main.ts(1247,38): error TS1127: Invalid character.
src/main.ts(1247,41): error TS1434: Unexpected keyword or identifier.
src/main.ts(1247,44): error TS1434: Unexpected keyword or identifier.
src/main.ts(1247,60): error TS1005: ',' expected.
src/main.ts(1247,68): error TS1005: ',' expected.
src/main.ts(1247,78): error TS1005: ',' expected.
src/main.ts(1247,86): error TS1161: Unterminated regular expression literal.
src/main.ts(1248,12): error TS1005: ';' expected.
src/main.ts(1248,17): error TS1005: '{' expected.
src/main.ts(1249,22): error TS1005: ';' expected.
src/main.ts(1249,25): error TS1434: Unexpected keyword or identifier.
src/main.ts(1249,28): error TS1434: Unexpected keyword or identifier.
src/main.ts(1249,31): error TS1434: Unexpected keyword or identifier.
src/main.ts(1249,41): error TS1161: Unterminated regular expression literal.
src/main.ts(1250,10): error TS1161: Unterminated regular expression literal.
src/main.ts(1252,14): error TS1005: ';' expected.
src/main.ts(1253,19): error TS1127: Invalid character.
src/main.ts(1253,26): error TS1005: ',' expected.
src/main.ts(1253,29): error TS1005: ',' expected.
src/main.ts(1253,32): error TS1005: ',' expected.
src/main.ts(1253,36): error TS1005: ',' expected.
src/main.ts(1253,39): error TS1005: ',' expected.
src/main.ts(1253,49): error TS1161: Unterminated regular expression literal.
src/main.ts(1254,11): error TS1434: Unexpected keyword or identifier.
src/main.ts(1254,14): error TS1434: Unexpected keyword or identifier.
src/main.ts(1254,17): error TS1434: Unexpected keyword or identifier.
src/main.ts(1254,20): error TS1434: Unexpected keyword or identifier.
src/main.ts(1254,23): error TS1434: Unexpected keyword or identifier.
src/main.ts(1254,26): error TS1434: Unexpected keyword or identifier.
src/main.ts(1254,39): error TS1005: ';' expected.
src/main.ts(1254,42): error TS1434: Unexpected keyword or identifier.
src/main.ts(1254,46): error TS1434: Unexpected keyword or identifier.
src/main.ts(1254,51): error TS1434: Unexpected keyword or identifier.
src/main.ts(1254,54): error TS1434: Unexpected keyword or identifier.
src/main.ts(1254,57): error TS1434: Unexpected keyword or identifier.
src/main.ts(1254,60): error TS1434: Unexpected keyword or identifier.
src/main.ts(1254,63): error TS1434: Unexpected keyword or identifier.
src/main.ts(1254,68): error TS1434: Unexpected keyword or identifier.
src/main.ts(1254,72): error TS1434: Unexpected keyword or identifier.
src/main.ts(1254,75): error TS1434: Unexpected keyword or identifier.
src/main.ts(1254,79): error TS1434: Unexpected keyword or identifier.
src/main.ts(1254,97): error TS1005: ';' expected.
src/main.ts(1254,100): error TS1434: Unexpected keyword or identifier.
src/main.ts(1254,103): error TS1434: Unexpected keyword or identifier.
src/main.ts(1254,106): error TS1434: Unexpected keyword or identifier.
src/main.ts(1254,110): error TS1434: Unexpected keyword or identifier.
src/main.ts(1254,113): error TS1434: Unexpected keyword or identifier.
src/main.ts(1254,275): error TS1005: ';' expected.
src/main.ts(1254,278): error TS1434: Unexpected keyword or identifier.
src/main.ts(1254,283): error TS1434: Unexpected keyword or identifier.
src/main.ts(1254,290): error TS1434: Unexpected keyword or identifier.
src/main.ts(1254,294): error TS1434: Unexpected keyword or identifier.
src/main.ts(1254,299): error TS1434: Unexpected keyword or identifier.
src/main.ts(1254,303): error TS1434: Unexpected keyword or identifier.
src/main.ts(1254,307): error TS1434: Unexpected keyword or identifier.
src/main.ts(1254,311): error TS1434: Unexpected keyword or identifier.
src/main.ts(1255,9): error TS1003: Identifier expected.
src/main.ts(1255,10): error TS1161: Unterminated regular expression literal.
src/main.ts(1257,12): error TS1005: ';' expected.
src/main.ts(1257,17): error TS1005: '{' expected.
src/main.ts(1257,35): error TS1005: ';' expected.
src/main.ts(1258,13): error TS1005: ';' expected.
src/main.ts(1258,19): error TS1434: Unexpected keyword or identifier.
src/main.ts(1258,23): error TS1434: Unexpected keyword or identifier.
src/main.ts(1258,26): error TS1434: Unexpected keyword or identifier.
src/main.ts(1258,31): error TS1434: Unexpected keyword or identifier.
src/main.ts(1258,36): error TS1434: Unexpected keyword or identifier.
src/main.ts(1258,41): error TS1434: Unexpected keyword or identifier.
src/main.ts(1258,48): error TS1434: Unexpected keyword or identifier.
src/main.ts(1258,54): error TS1434: Unexpected keyword or identifier.
src/main.ts(1258,58): error TS1434: Unexpected keyword or identifier.
src/main.ts(1258,71): error TS1005: ';' expected.
src/main.ts(1258,75): error TS1434: Unexpected keyword or identifier.
src/main.ts(1258,78): error TS1434: Unexpected keyword or identifier.
src/main.ts(1258,82): error TS1434: Unexpected keyword or identifier.
src/main.ts(1258,86): error TS1434: Unexpected keyword or identifier.
src/main.ts(1258,89): error TS1434: Unexpected keyword or identifier.
src/main.ts(1258,92): error TS1434: Unexpected keyword or identifier.
src/main.ts(1258,96): error TS1434: Unexpected keyword or identifier.
src/main.ts(1258,101): error TS1434: Unexpected keyword or identifier.
src/main.ts(1258,104): error TS1434: Unexpected keyword or identifier.
src/main.ts(1258,107): error TS1434: Unexpected keyword or identifier.
src/main.ts(1258,110): error TS1434: Unexpected keyword or identifier.
src/main.ts(1258,114): error TS1434: Unexpected keyword or identifier.
src/main.ts(1258,120): error TS1434: Unexpected keyword or identifier.
src/main.ts(1258,123): error TS1434: Unexpected keyword or identifier.
src/main.ts(1258,128): error TS1434: Unexpected keyword or identifier.
src/main.ts(1258,131): error TS1434: Unexpected keyword or identifier.
src/main.ts(1258,136): error TS1434: Unexpected keyword or identifier.
src/main.ts(1258,141): error TS1434: Unexpected keyword or identifier.
src/main.ts(1258,144): error TS1434: Unexpected keyword or identifier.
src/main.ts(1259,9): error TS1003: Identifier expected.
src/main.ts(1259,10): error TS1161: Unterminated regular expression literal.
src/main.ts(1264,13): error TS1005: ';' expected.
src/main.ts(1264,18): error TS1005: '{' expected.
src/main.ts(1264,38): error TS1127: Invalid character.
src/main.ts(1264,41): error TS1434: Unexpected keyword or identifier.
src/main.ts(1264,45): error TS1434: Unexpected keyword or identifier.
src/main.ts(1264,48): error TS1434: Unexpected keyword or identifier.
src/main.ts(1264,51): error TS1434: Unexpected keyword or identifier.
src/main.ts(1264,67): error TS1005: ',' expected.
src/main.ts(1264,73): error TS1005: ',' expected.
src/main.ts(1264,80): error TS1005: ',' expected.
src/main.ts(1264,88): error TS1161: Unterminated regular expression literal.
src/main.ts(1265,12): error TS1005: ';' expected.
src/main.ts(1265,17): error TS1005: '{' expected.
src/main.ts(1266,13): error TS1005: ';' expected.
src/main.ts(1266,17): error TS1434: Unexpected keyword or identifier.
src/main.ts(1266,21): error TS1434: Unexpected keyword or identifier.
src/main.ts(1266,26): error TS1434: Unexpected keyword or identifier.
src/main.ts(1266,29): error TS1434: Unexpected keyword or identifier.
src/main.ts(1266,33): error TS1434: Unexpected keyword or identifier.
src/main.ts(1266,36): error TS1434: Unexpected keyword or identifier.
src/main.ts(1266,40): error TS1434: Unexpected keyword or identifier.
src/main.ts(1266,43): error TS1434: Unexpected keyword or identifier.
src/main.ts(1266,54): error TS1005: ';' expected.
src/main.ts(1266,57): error TS1434: Unexpected keyword or identifier.
src/main.ts(1266,60): error TS1434: Unexpected keyword or identifier.
src/main.ts(1266,64): error TS1434: Unexpected keyword or identifier.
src/main.ts(1266,68): error TS1434: Unexpected keyword or identifier.
src/main.ts(1266,74): error TS1434: Unexpected keyword or identifier.
src/main.ts(1266,79): error TS1434: Unexpected keyword or identifier.
src/main.ts(1266,82): error TS1434: Unexpected keyword or identifier.
src/main.ts(1266,85): error TS1434: Unexpected keyword or identifier.
src/main.ts(1266,88): error TS1434: Unexpected keyword or identifier.
src/main.ts(1267,9): error TS1003: Identifier expected.
src/main.ts(1267,10): error TS1161: Unterminated regular expression literal.
src/main.ts(1269,13): error TS1005: ';' expected.
src/main.ts(1269,163): error TS1127: Invalid character.
src/main.ts(1269,166): error TS1434: Unexpected keyword or identifier.
src/main.ts(1269,170): error TS1434: Unexpected keyword or identifier.
src/main.ts(1269,173): error TS1434: Unexpected keyword or identifier.
src/main.ts(1269,176): error TS1434: Unexpected keyword or identifier.
src/main.ts(1269,183): error TS1161: Unterminated regular expression literal.
src/main.ts(1270,14): error TS1005: ';' expected.
src/main.ts(1271,25): error TS1005: ';' expected.
src/main.ts(1271,27): error TS1110: Type expected.
src/main.ts(1271,52): error TS1110: Type expected.
src/main.ts(1272,25): error TS1005: ';' expected.
src/main.ts(1272,27): error TS1110: Type expected.
src/main.ts(1272,54): error TS1110: Type expected.
src/main.ts(1273,25): error TS1005: ';' expected.
src/main.ts(1273,27): error TS1110: Type expected.
src/main.ts(1273,54): error TS1110: Type expected.
src/main.ts(1274,25): error TS1005: ';' expected.
src/main.ts(1274,27): error TS1110: Type expected.
src/main.ts(1274,53): error TS1110: Type expected.
src/main.ts(1275,25): error TS1005: ';' expected.
src/main.ts(1275,27): error TS1110: Type expected.
src/main.ts(1275,51): error TS1110: Type expected.
src/main.ts(1276,25): error TS1005: ';' expected.
src/main.ts(1276,27): error TS1110: Type expected.
src/main.ts(1276,54): error TS1110: Type expected.
src/main.ts(1277,25): error TS1005: ';' expected.
src/main.ts(1277,27): error TS1110: Type expected.
src/main.ts(1277,53): error TS1110: Type expected.
src/main.ts(1278,25): error TS1005: ';' expected.
src/main.ts(1278,27): error TS1110: Type expected.
src/main.ts(1278,54): error TS1110: Type expected.
src/main.ts(1279,25): error TS1005: ';' expected.
src/main.ts(1279,27): error TS1110: Type expected.
src/main.ts(1279,52): error TS1110: Type expected.
src/main.ts(1280,25): error TS1005: ';' expected.
src/main.ts(1280,27): error TS1110: Type expected.
src/main.ts(1280,54): error TS1110: Type expected.
src/main.ts(1281,25): error TS1005: ';' expected.
src/main.ts(1281,27): error TS1110: Type expected.
src/main.ts(1281,53): error TS1110: Type expected.
src/main.ts(1282,25): error TS1005: ';' expected.
src/main.ts(1282,27): error TS1110: Type expected.
src/main.ts(1282,54): error TS1110: Type expected.
src/main.ts(1283,25): error TS1005: ';' expected.
src/main.ts(1283,27): error TS1110: Type expected.
src/main.ts(1283,52): error TS1110: Type expected.
src/main.ts(1284,25): error TS1005: ';' expected.
src/main.ts(1284,27): error TS1110: Type expected.
src/main.ts(1284,52): error TS1110: Type expected.
src/main.ts(1285,25): error TS1005: ';' expected.
src/main.ts(1285,27): error TS1110: Type expected.
src/main.ts(1285,53): error TS1110: Type expected.
src/main.ts(1286,25): error TS1005: ';' expected.
src/main.ts(1286,27): error TS1110: Type expected.
src/main.ts(1286,54): error TS1110: Type expected.
src/main.ts(1287,25): error TS1005: ';' expected.
src/main.ts(1287,27): error TS1110: Type expected.
src/main.ts(1287,54): error TS1110: Type expected.
src/main.ts(1288,25): error TS1005: ';' expected.
src/main.ts(1288,27): error TS1110: Type expected.
src/main.ts(1288,53): error TS1110: Type expected.
src/main.ts(1289,25): error TS1005: ';' expected.
src/main.ts(1289,27): error TS1110: Type expected.
src/main.ts(1289,53): error TS1110: Type expected.
src/main.ts(1290,25): error TS1005: ';' expected.
src/main.ts(1290,27): error TS1110: Type expected.
src/main.ts(1290,51): error TS1110: Type expected.
src/main.ts(1291,25): error TS1005: ';' expected.
src/main.ts(1291,27): error TS1110: Type expected.
src/main.ts(1291,53): error TS1110: Type expected.
src/main.ts(1292,25): error TS1005: ';' expected.
src/main.ts(1292,27): error TS1110: Type expected.
src/main.ts(1292,54): error TS1110: Type expected.
src/main.ts(1293,25): error TS1005: ';' expected.
src/main.ts(1293,27): error TS1110: Type expected.
src/main.ts(1293,53): error TS1110: Type expected.
src/main.ts(1294,25): error TS1005: ';' expected.
src/main.ts(1294,27): error TS1110: Type expected.
src/main.ts(1294,54): error TS1110: Type expected.
src/main.ts(1295,25): error TS1005: ';' expected.
src/main.ts(1295,27): error TS1110: Type expected.
src/main.ts(1295,54): error TS1110: Type expected.
src/main.ts(1296,25): error TS1005: ';' expected.
src/main.ts(1296,27): error TS1110: Type expected.
src/main.ts(1296,54): error TS1110: Type expected.
src/main.ts(1297,10): error TS1161: Unterminated regular expression literal.
src/main.ts(1299,13): error TS1005: ';' expected.
src/main.ts(1299,72): error TS1127: Invalid character.
src/main.ts(1299,75): error TS1434: Unexpected keyword or identifier.
src/main.ts(1299,88): error TS1005: ';' expected.
src/main.ts(1299,94): error TS1434: Unexpected keyword or identifier.
src/main.ts(1299,98): error TS1434: Unexpected keyword or identifier.
src/main.ts(1299,105): error TS1161: Unterminated regular expression literal.
src/main.ts(1300,12): error TS1005: ';' expected.
src/main.ts(1300,17): error TS1005: '{' expected.
src/main.ts(1300,35): error TS1005: ';' expected.
src/main.ts(1301,26): error TS1005: ';' expected.
src/main.ts(1301,30): error TS1005: ';' expected.
src/main.ts(1301,33): error TS1434: Unexpected keyword or identifier.
src/main.ts(1301,44): error TS1005: ';' expected.
src/main.ts(1301,48): error TS1434: Unexpected keyword or identifier.
src/main.ts(1301,53): error TS1434: Unexpected keyword or identifier.
src/main.ts(1301,59): error TS1434: Unexpected keyword or identifier.
src/main.ts(1301,62): error TS1434: Unexpected keyword or identifier.
src/main.ts(1301,65): error TS1434: Unexpected keyword or identifier.
src/main.ts(1301,69): error TS1434: Unexpected keyword or identifier.
src/main.ts(1301,73): error TS1434: Unexpected keyword or identifier.
src/main.ts(1301,86): error TS1005: ';' expected.
src/main.ts(1301,94): error TS1005: ',' expected.
src/main.ts(1301,97): error TS1005: ',' expected.
src/main.ts(1301,101): error TS1005: ',' expected.
src/main.ts(1301,105): error TS1005: ',' expected.
src/main.ts(1301,106): error TS1005: ',' expected.
src/main.ts(1301,106): error TS1351: An identifier or keyword cannot immediately follow a numeric literal.
src/main.ts(1301,108): error TS1005: ',' expected.
src/main.ts(1301,111): error TS1005: ',' expected.
src/main.ts(1301,114): error TS1005: ',' expected.
src/main.ts(1301,117): error TS1005: ';' expected.
src/main.ts(1301,119): error TS1434: Unexpected keyword or identifier.
src/main.ts(1301,130): error TS1003: Identifier expected.
src/main.ts(1302,25): error TS1005: ';' expected.
src/main.ts(1302,32): error TS1110: Type expected.
src/main.ts(1303,25): error TS1005: ';' expected.
src/main.ts(1303,29): error TS1110: Type expected.
src/main.ts(1304,10): error TS1161: Unterminated regular expression literal.
src/main.ts(1309,13): error TS1005: ';' expected.
src/main.ts(1309,18): error TS1005: '{' expected.
src/main.ts(1309,38): error TS1005: ';' expected.
src/main.ts(1309,61): error TS1127: Invalid character.
src/main.ts(1309,62): error TS1127: Invalid character.
src/main.ts(1309,64): error TS1434: Unexpected keyword or identifier.
src/main.ts(1309,75): error TS1434: Unexpected keyword or identifier.
src/main.ts(1309,98): error TS1005: ';' expected.
src/main.ts(1309,101): error TS1434: Unexpected keyword or identifier.
src/main.ts(1309,104): error TS1434: Unexpected keyword or identifier.
src/main.ts(1309,110): error TS1161: Unterminated regular expression literal.
src/main.ts(1310,12): error TS1005: ';' expected.
src/main.ts(1310,17): error TS1005: '{' expected.
src/main.ts(1311,15): error TS1005: ';' expected.
src/main.ts(1311,26): error TS1434: Unexpected keyword or identifier.
src/main.ts(1311,34): error TS1434: Unexpected keyword or identifier.
src/main.ts(1311,37): error TS1434: Unexpected keyword or identifier.
src/main.ts(1311,40): error TS1434: Unexpected keyword or identifier.
src/main.ts(1311,42): error TS1434: Unexpected keyword or identifier.
src/main.ts(1311,45): error TS1434: Unexpected keyword or identifier.
src/main.ts(1311,48): error TS1434: Unexpected keyword or identifier.
src/main.ts(1311,51): error TS1434: Unexpected keyword or identifier.
src/main.ts(1311,53): error TS1434: Unexpected keyword or identifier.
src/main.ts(1311,57): error TS1434: Unexpected keyword or identifier.
src/main.ts(1311,60): error TS1434: Unexpected keyword or identifier.
src/main.ts(1311,64): error TS1434: Unexpected keyword or identifier.
src/main.ts(1311,67): error TS1434: Unexpected keyword or identifier.
src/main.ts(1311,71): error TS1434: Unexpected keyword or identifier.
src/main.ts(1311,74): error TS1434: Unexpected keyword or identifier.
src/main.ts(1311,107): error TS1161: Unterminated regular expression literal.
src/main.ts(1312,10): error TS1161: Unterminated regular expression literal.
src/main.ts(1314,13): error TS1005: ';' expected.
src/main.ts(1314,55): error TS1127: Invalid character.
src/main.ts(1314,56): error TS1127: Invalid character.
src/main.ts(1314,58): error TS1434: Unexpected keyword or identifier.
src/main.ts(1314,62): error TS1434: Unexpected keyword or identifier.
src/main.ts(1314,65): error TS1434: Unexpected keyword or identifier.
src/main.ts(1314,73): error TS1005: ';' expected.
src/main.ts(1314,75): error TS1434: Unexpected keyword or identifier.
src/main.ts(1314,78): error TS1434: Unexpected keyword or identifier.
src/main.ts(1314,87): error TS1161: Unterminated regular expression literal.
src/main.ts(1315,12): error TS1005: ';' expected.
src/main.ts(1315,17): error TS1005: '{' expected.
src/main.ts(1315,35): error TS1005: ';' expected.
src/main.ts(1316,14): error TS1005: ';' expected.
src/main.ts(1316,17): error TS1434: Unexpected keyword or identifier.
src/main.ts(1316,38): error TS1005: ';' expected.
src/main.ts(1316,41): error TS1434: Unexpected keyword or identifier.
src/main.ts(1316,46): error TS1434: Unexpected keyword or identifier.
src/main.ts(1316,52): error TS1434: Unexpected keyword or identifier.
src/main.ts(1316,56): error TS1434: Unexpected keyword or identifier.
src/main.ts(1316,60): error TS1434: Unexpected keyword or identifier.
src/main.ts(1316,66): error TS1434: Unexpected keyword or identifier.
src/main.ts(1316,71): error TS1434: Unexpected keyword or identifier.
src/main.ts(1316,75): error TS1434: Unexpected keyword or identifier.
src/main.ts(1316,78): error TS1434: Unexpected keyword or identifier.
src/main.ts(1316,83): error TS1434: Unexpected keyword or identifier.
src/main.ts(1316,86): error TS1434: Unexpected keyword or identifier.
src/main.ts(1316,89): error TS1434: Unexpected keyword or identifier.
src/main.ts(1316,93): error TS1434: Unexpected keyword or identifier.
src/main.ts(1316,104): error TS1005: ';' expected.
src/main.ts(1316,107): error TS1434: Unexpected keyword or identifier.
src/main.ts(1316,110): error TS1434: Unexpected keyword or identifier.
src/main.ts(1316,113): error TS1434: Unexpected keyword or identifier.
src/main.ts(1316,118): error TS1434: Unexpected keyword or identifier.
src/main.ts(1316,126): error TS1005: ';' expected.
src/main.ts(1316,126): error TS1351: An identifier or keyword cannot immediately follow a numeric literal.
src/main.ts(1316,128): error TS1434: Unexpected keyword or identifier.
src/main.ts(1316,132): error TS1434: Unexpected keyword or identifier.
src/main.ts(1316,135): error TS1434: Unexpected keyword or identifier.
src/main.ts(1316,138): error TS1434: Unexpected keyword or identifier.
src/main.ts(1316,140): error TS1434: Unexpected keyword or identifier.
src/main.ts(1316,144): error TS1434: Unexpected keyword or identifier.
src/main.ts(1316,148): error TS1434: Unexpected keyword or identifier.
src/main.ts(1316,152): error TS1434: Unexpected keyword or identifier.
src/main.ts(1316,156): error TS1434: Unexpected keyword or identifier.
src/main.ts(1316,159): error TS1434: Unexpected keyword or identifier.
src/main.ts(1317,9): error TS1003: Identifier expected.
src/main.ts(1317,10): error TS1161: Unterminated regular expression literal.
src/main.ts(1319,14): error TS1005: ';' expected.
src/main.ts(1320,19): error TS1127: Invalid character.
src/main.ts(1320,20): error TS1127: Invalid character.
src/main.ts(1320,26): error TS1005: ',' expected.
src/main.ts(1320,29): error TS1005: ',' expected.
src/main.ts(1320,35): error TS1005: ',' expected.
src/main.ts(1320,38): error TS1005: ',' expected.
src/main.ts(1320,41): error TS1005: ';' expected.
src/main.ts(1320,43): error TS1110: Type expected.
src/main.ts(1321,11): error TS1434: Unexpected keyword or identifier.
src/main.ts(1321,15): error TS1434: Unexpected keyword or identifier.
src/main.ts(1321,18): error TS1434: Unexpected keyword or identifier.
src/main.ts(1321,21): error TS1434: Unexpected keyword or identifier.
src/main.ts(1321,25): error TS1434: Unexpected keyword or identifier.
src/main.ts(1321,28): error TS1434: Unexpected keyword or identifier.
src/main.ts(1321,32): error TS1434: Unexpected keyword or identifier.
src/main.ts(1321,36): error TS1434: Unexpected keyword or identifier.
src/main.ts(1321,41): error TS1434: Unexpected keyword or identifier.
src/main.ts(1321,44): error TS1434: Unexpected keyword or identifier.
src/main.ts(1321,51): error TS1434: Unexpected keyword or identifier.
src/main.ts(1321,54): error TS1434: Unexpected keyword or identifier.
src/main.ts(1321,68): error TS1005: ';' expected.
src/main.ts(1321,71): error TS1434: Unexpected keyword or identifier.
src/main.ts(1321,82): error TS1005: ',' expected.
src/main.ts(1321,83): error TS1135: Argument expression expected.
src/main.ts(1321,90): error TS1005: ',' expected.
src/main.ts(1321,93): error TS1005: ',' expected.
src/main.ts(1321,97): error TS1005: ',' expected.
src/main.ts(1321,100): error TS1005: ',' expected.
src/main.ts(1321,103): error TS1005: ',' expected.
src/main.ts(1321,106): error TS1005: ',' expected.
src/main.ts(1321,110): error TS1005: ',' expected.
src/main.ts(1321,145): error TS1161: Unterminated regular expression literal.
src/main.ts(1321,154): error TS1005: ';' expected.
src/main.ts(1321,156): error TS1434: Unexpected keyword or identifier.
src/main.ts(1321,160): error TS1434: Unexpected keyword or identifier.
src/main.ts(1321,162): error TS1434: Unexpected keyword or identifier.
src/main.ts(1321,166): error TS1434: Unexpected keyword or identifier.
src/main.ts(1321,170): error TS1434: Unexpected keyword or identifier.
src/main.ts(1321,174): error TS1434: Unexpected keyword or identifier.
src/main.ts(1321,178): error TS1434: Unexpected keyword or identifier.
src/main.ts(1321,181): error TS1434: Unexpected keyword or identifier.
src/main.ts(1321,184): error TS1434: Unexpected keyword or identifier.
src/main.ts(1321,191): error TS1434: Unexpected keyword or identifier.
src/main.ts(1321,194): error TS1434: Unexpected keyword or identifier.
src/main.ts(1321,198): error TS1434: Unexpected keyword or identifier.
src/main.ts(1321,203): error TS1434: Unexpected keyword or identifier.
src/main.ts(1321,206): error TS1434: Unexpected keyword or identifier.
src/main.ts(1322,17): error TS1005: '>' expected.
src/main.ts(1322,22): error TS1005: ';' expected.
src/main.ts(1322,199): error TS1005: ';' expected.
src/main.ts(1322,207): error TS1005: ';' expected.
src/main.ts(1322,233): error TS1161: Unterminated regular expression literal.
src/main.ts(1323,10): error TS1161: Unterminated regular expression literal.
src/main.ts(1324,12): error TS1005: ';' expected.
src/main.ts(1324,17): error TS1005: '{' expected.
src/main.ts(1324,35): error TS1005: ';' expected.
src/main.ts(1325,13): error TS1005: ';' expected.
src/main.ts(1325,16): error TS1434: Unexpected keyword or identifier.
src/main.ts(1325,23): error TS1434: Unexpected keyword or identifier.
src/main.ts(1325,26): error TS1434: Unexpected keyword or identifier.
src/main.ts(1325,29): error TS1434: Unexpected keyword or identifier.
src/main.ts(1325,32): error TS1434: Unexpected keyword or identifier.
src/main.ts(1325,35): error TS1434: Unexpected keyword or identifier.
src/main.ts(1325,39): error TS1434: Unexpected keyword or identifier.
src/main.ts(1325,43): error TS1434: Unexpected keyword or identifier.
src/main.ts(1325,46): error TS1434: Unexpected keyword or identifier.
src/main.ts(1325,49): error TS1434: Unexpected keyword or identifier.
src/main.ts(1325,62): error TS1005: ';' expected.
src/main.ts(1325,67): error TS1005: '{' expected.
src/main.ts(1325,80): error TS1005: ';' expected.
src/main.ts(1325,91): error TS1005: ';' expected.
src/main.ts(1325,103): error TS1005: ';' expected.
src/main.ts(1325,160): error TS1005: ';' expected.
src/main.ts(1325,186): error TS1161: Unterminated regular expression literal.
src/main.ts(1326,10): error TS1161: Unterminated regular expression literal.
src/main.ts(1331,13): error TS1005: ';' expected.
src/main.ts(1331,18): error TS1005: '{' expected.
src/main.ts(1331,38): error TS1005: ';' expected.
src/main.ts(1331,156): error TS1127: Invalid character.
src/main.ts(1331,175): error TS1005: ';' expected.
src/main.ts(1331,201): error TS1161: Unterminated regular expression literal.
src/main.ts(1332,12): error TS1005: ';' expected.
src/main.ts(1332,17): error TS1005: '{' expected.
src/main.ts(1332,35): error TS1005: ';' expected.
src/main.ts(1333,11): error TS1127: Invalid character.
src/main.ts(1333,12): error TS1127: Invalid character.
src/main.ts(1333,17): error TS1005: ',' expected.
src/main.ts(1333,21): error TS1005: ',' expected.
src/main.ts(1333,27): error TS1005: ',' expected.
src/main.ts(1333,29): error TS1005: ',' expected.
src/main.ts(1333,32): error TS1005: ',' expected.
src/main.ts(1333,35): error TS1005: ',' expected.
src/main.ts(1333,39): error TS1005: ',' expected.
src/main.ts(1333,46): error TS1005: ';' expected.
src/main.ts(1333,62): error TS1005: ';' expected.
src/main.ts(1333,66): error TS1434: Unexpected keyword or identifier.
src/main.ts(1333,69): error TS1434: Unexpected keyword or identifier.
src/main.ts(1333,73): error TS1434: Unexpected keyword or identifier.
src/main.ts(1333,76): error TS1434: Unexpected keyword or identifier.
src/main.ts(1333,79): error TS1434: Unexpected keyword or identifier.
src/main.ts(1333,81): error TS1434: Unexpected keyword or identifier.
src/main.ts(1333,84): error TS1434: Unexpected keyword or identifier.
src/main.ts(1333,87): error TS1434: Unexpected keyword or identifier.
src/main.ts(1333,93): error TS1434: Unexpected keyword or identifier.
src/main.ts(1333,98): error TS1434: Unexpected keyword or identifier.
src/main.ts(1333,102): error TS1434: Unexpected keyword or identifier.
src/main.ts(1333,105): error TS1434: Unexpected keyword or identifier.
src/main.ts(1333,108): error TS1434: Unexpected keyword or identifier.
src/main.ts(1333,120): error TS1005: ';' expected.
src/main.ts(1333,125): error TS1434: Unexpected keyword or identifier.
src/main.ts(1333,128): error TS1434: Unexpected keyword or identifier.
src/main.ts(1333,134): error TS1434: Unexpected keyword or identifier.
src/main.ts(1333,137): error TS1434: Unexpected keyword or identifier.
src/main.ts(1333,140): error TS1434: Unexpected keyword or identifier.
src/main.ts(1333,143): error TS1434: Unexpected keyword or identifier.
src/main.ts(1333,146): error TS1434: Unexpected keyword or identifier.
src/main.ts(1333,150): error TS1005: ';' expected.
src/main.ts(1333,150): error TS1351: An identifier or keyword cannot immediately follow a numeric literal.
src/main.ts(1333,153): error TS1434: Unexpected keyword or identifier.
src/main.ts(1333,157): error TS1434: Unexpected keyword or identifier.
src/main.ts(1334,9): error TS1003: Identifier expected.
src/main.ts(1334,10): error TS1161: Unterminated regular expression literal.
src/main.ts(1336,13): error TS1005: ';' expected.
src/main.ts(1336,188): error TS1005: ';' expected.
src/main.ts(1336,204): error TS1005: ';' expected.
src/main.ts(1336,204): error TS1434: Unexpected keyword or identifier.
src/main.ts(1336,208): error TS1005: ';' expected.
src/main.ts(1336,208): error TS1351: An identifier or keyword cannot immediately follow a numeric literal.
src/main.ts(1336,210): error TS1434: Unexpected keyword or identifier.
src/main.ts(1336,218): error TS1161: Unterminated regular expression literal.
src/main.ts(1338,13): error TS1005: ';' expected.
src/main.ts(1338,120): error TS1005: ';' expected.
src/main.ts(1338,121): error TS1005: ';' expected.
src/main.ts(1338,123): error TS1434: Unexpected keyword or identifier.
src/main.ts(1338,126): error TS1434: Unexpected keyword or identifier.
src/main.ts(1338,129): error TS1434: Unexpected keyword or identifier.
src/main.ts(1338,132): error TS1434: Unexpected keyword or identifier.
src/main.ts(1338,148): error TS1005: ',' expected.
src/main.ts(1338,153): error TS1005: ',' expected.
src/main.ts(1338,158): error TS1005: ',' expected.
src/main.ts(1338,164): error TS1161: Unterminated regular expression literal.
src/main.ts(1339,12): error TS1005: ';' expected.
src/main.ts(1339,17): error TS1005: '{' expected.
src/main.ts(1339,35): error TS1005: ';' expected.
src/main.ts(1340,14): error TS1005: ';' expected.
src/main.ts(1340,18): error TS1434: Unexpected keyword or identifier.
src/main.ts(1340,22): error TS1434: Unexpected keyword or identifier.
src/main.ts(1340,24): error TS1434: Unexpected keyword or identifier.
src/main.ts(1340,27): error TS1434: Unexpected keyword or identifier.
src/main.ts(1340,30): error TS1434: Unexpected keyword or identifier.
src/main.ts(1340,49): error TS1005: ';' expected.
src/main.ts(1340,58): error TS1005: ',' expected.
src/main.ts(1340,61): error TS1005: ',' expected.
src/main.ts(1340,64): error TS1005: ',' expected.
src/main.ts(1340,67): error TS1005: ',' expected.
src/main.ts(1340,70): error TS1005: ',' expected.
src/main.ts(1340,73): error TS1005: ',' expected.
src/main.ts(1340,75): error TS1005: ';' expected.
src/main.ts(1340,77): error TS1434: Unexpected keyword or identifier.
src/main.ts(1340,80): error TS1434: Unexpected keyword or identifier.
src/main.ts(1340,85): error TS1434: Unexpected keyword or identifier.
src/main.ts(1340,88): error TS1434: Unexpected keyword or identifier.
src/main.ts(1340,91): error TS1434: Unexpected keyword or identifier.
src/main.ts(1340,97): error TS1434: Unexpected keyword or identifier.
src/main.ts(1340,100): error TS1434: Unexpected keyword or identifier.
src/main.ts(1340,103): error TS1434: Unexpected keyword or identifier.
src/main.ts(1340,106): error TS1434: Unexpected keyword or identifier.
src/main.ts(1341,17): error TS1005: '>' expected.
src/main.ts(1341,22): error TS1005: ';' expected.
src/main.ts(1341,153): error TS1005: ';' expected.
src/main.ts(1341,168): error TS1161: Unterminated regular expression literal.
src/main.ts(1342,10): error TS1161: Unterminated regular expression literal.
src/main.ts(1344,13): error TS1005: ';' expected.
src/main.ts(1344,120): error TS1005: ';' expected.
src/main.ts(1344,121): error TS1005: ';' expected.
src/main.ts(1344,123): error TS1434: Unexpected keyword or identifier.
src/main.ts(1344,126): error TS1434: Unexpected keyword or identifier.
src/main.ts(1344,129): error TS1434: Unexpected keyword or identifier.
src/main.ts(1344,132): error TS1434: Unexpected keyword or identifier.
src/main.ts(1344,155): error TS1005: ',' expected.
src/main.ts(1344,163): error TS1161: Unterminated regular expression literal.
src/main.ts(1345,12): error TS1005: ';' expected.
src/main.ts(1345,17): error TS1005: '{' expected.
src/main.ts(1345,35): error TS1005: ';' expected.
src/main.ts(1346,14): error TS1005: ';' expected.
src/main.ts(1346,17): error TS1434: Unexpected keyword or identifier.
src/main.ts(1346,22): error TS1434: Unexpected keyword or identifier.
src/main.ts(1346,26): error TS1434: Unexpected keyword or identifier.
src/main.ts(1346,30): error TS1434: Unexpected keyword or identifier.
src/main.ts(1346,35): error TS1434: Unexpected keyword or identifier.
src/main.ts(1346,39): error TS1434: Unexpected keyword or identifier.
src/main.ts(1346,43): error TS1434: Unexpected keyword or identifier.
src/main.ts(1346,46): error TS1434: Unexpected keyword or identifier.
src/main.ts(1346,50): error TS1434: Unexpected keyword or identifier.
src/main.ts(1346,53): error TS1434: Unexpected keyword or identifier.
src/main.ts(1346,56): error TS1434: Unexpected keyword or identifier.
src/main.ts(1346,61): error TS1434: Unexpected keyword or identifier.
src/main.ts(1346,64): error TS1434: Unexpected keyword or identifier.
src/main.ts(1346,67): error TS1434: Unexpected keyword or identifier.
src/main.ts(1346,71): error TS1434: Unexpected keyword or identifier.
src/main.ts(1346,76): error TS1434: Unexpected keyword or identifier.
src/main.ts(1346,80): error TS1434: Unexpected keyword or identifier.
src/main.ts(1346,84): error TS1434: Unexpected keyword or identifier.
src/main.ts(1346,87): error TS1434: Unexpected keyword or identifier.
src/main.ts(1346,91): error TS1434: Unexpected keyword or identifier.
src/main.ts(1347,17): error TS1005: '>' expected.
src/main.ts(1347,22): error TS1005: ';' expected.
src/main.ts(1347,157): error TS1005: ';' expected.
src/main.ts(1347,162): error TS1161: Unterminated regular expression literal.
src/main.ts(1348,10): error TS1161: Unterminated regular expression literal.
src/main.ts(1350,13): error TS1005: ';' expected.
src/main.ts(1350,120): error TS1005: ';' expected.
src/main.ts(1350,121): error TS1005: ';' expected.
src/main.ts(1350,123): error TS1434: Unexpected keyword or identifier.
src/main.ts(1350,126): error TS1434: Unexpected keyword or identifier.
src/main.ts(1350,129): error TS1434: Unexpected keyword or identifier.
src/main.ts(1350,132): error TS1434: Unexpected keyword or identifier.
src/main.ts(1350,134): error TS1434: Unexpected keyword or identifier.
src/main.ts(1350,137): error TS1434: Unexpected keyword or identifier.
src/main.ts(1350,153): error TS1005: ',' expected.
src/main.ts(1350,159): error TS1005: ',' expected.
src/main.ts(1350,165): error TS1161: Unterminated regular expression literal.
src/main.ts(1351,12): error TS1005: ';' expected.
src/main.ts(1351,17): error TS1005: '{' expected.
src/main.ts(1351,35): error TS1005: ';' expected.
src/main.ts(1352,27): error TS1005: ';' expected.
src/main.ts(1352,31): error TS1434: Unexpected keyword or identifier.
src/main.ts(1352,34): error TS1434: Unexpected keyword or identifier.
src/main.ts(1352,37): error TS1434: Unexpected keyword or identifier.
src/main.ts(1352,40): error TS1434: Unexpected keyword or identifier.
src/main.ts(1352,42): error TS1434: Unexpected keyword or identifier.
src/main.ts(1352,48): error TS1434: Unexpected keyword or identifier.
src/main.ts(1352,51): error TS1434: Unexpected keyword or identifier.
src/main.ts(1352,54): error TS1434: Unexpected keyword or identifier.
src/main.ts(1352,57): error TS1434: Unexpected keyword or identifier.
src/main.ts(1352,62): error TS1005: ';' expected.
src/main.ts(1352,62): error TS1351: An identifier or keyword cannot immediately follow a numeric literal.
src/main.ts(1352,74): error TS1005: ';' expected.
src/main.ts(1352,77): error TS1434: Unexpected keyword or identifier.
src/main.ts(1352,81): error TS1434: Unexpected keyword or identifier.
src/main.ts(1352,84): error TS1434: Unexpected keyword or identifier.
src/main.ts(1352,87): error TS1434: Unexpected keyword or identifier.
src/main.ts(1352,94): error TS1005: ';' expected.
src/main.ts(1352,94): error TS1351: An identifier or keyword cannot immediately follow a numeric literal.
src/main.ts(1352,106): error TS1005: ';' expected.
src/main.ts(1352,109): error TS1434: Unexpected keyword or identifier.
src/main.ts(1352,111): error TS1434: Unexpected keyword or identifier.
src/main.ts(1352,114): error TS1434: Unexpected keyword or identifier.
src/main.ts(1352,117): error TS1434: Unexpected keyword or identifier.
src/main.ts(1352,120): error TS1434: Unexpected keyword or identifier.
src/main.ts(1352,122): error TS1434: Unexpected keyword or identifier.
src/main.ts(1352,126): error TS1434: Unexpected keyword or identifier.
src/main.ts(1352,129): error TS1434: Unexpected keyword or identifier.
src/main.ts(1352,135): error TS1434: Unexpected keyword or identifier.
src/main.ts(1352,138): error TS1434: Unexpected keyword or identifier.
src/main.ts(1352,148): error TS1003: Identifier expected.
src/main.ts(1353,14): error TS1005: ';' expected.
src/main.ts(1353,17): error TS1434: Unexpected keyword or identifier.
src/main.ts(1353,30): error TS1005: ';' expected.
src/main.ts(1353,214): error TS1005: ';' expected.
src/main.ts(1353,214): error TS1434: Unexpected keyword or identifier.
src/main.ts(1353,219): error TS1005: ';' expected.
src/main.ts(1353,219): error TS1351: An identifier or keyword cannot immediately follow a numeric literal.
src/main.ts(1353,234): error TS1005: ';' expected.
src/main.ts(1353,245): error TS1005: ';' expected.
src/main.ts(1353,249): error TS1434: Unexpected keyword or identifier.
src/main.ts(1353,252): error TS1434: Unexpected keyword or identifier.
src/main.ts(1353,255): error TS1435: Unknown keyword or identifier. Did you mean 'accessor'?
src/main.ts(1353,262): error TS1434: Unexpected keyword or identifier.
src/main.ts(1353,268): error TS1434: Unexpected keyword or identifier.
src/main.ts(1353,273): error TS1434: Unexpected keyword or identifier.
src/main.ts(1353,278): error TS1434: Unexpected keyword or identifier.
src/main.ts(1353,282): error TS1434: Unexpected keyword or identifier.
src/main.ts(1353,285): error TS1434: Unexpected keyword or identifier.
src/main.ts(1354,17): error TS1005: '>' expected.
src/main.ts(1354,22): error TS1005: ';' expected.
src/main.ts(1354,158): error TS1351: An identifier or keyword cannot immediately follow a numeric literal.
src/main.ts(1354,162): error TS1128: Declaration or statement expected.
src/main.ts(1354,164): error TS1110: Type expected.
src/main.ts(1355,10): error TS1161: Unterminated regular expression literal.
src/main.ts(1357,13): error TS1005: ';' expected.
src/main.ts(1357,120): error TS1005: ';' expected.
src/main.ts(1357,121): error TS1005: ';' expected.
src/main.ts(1357,123): error TS1434: Unexpected keyword or identifier.
src/main.ts(1357,127): error TS1434: Unexpected keyword or identifier.
src/main.ts(1357,130): error TS1434: Unexpected keyword or identifier.
src/main.ts(1357,133): error TS1434: Unexpected keyword or identifier.
src/main.ts(1357,147): error TS1005: ',' expected.
src/main.ts(1357,154): error TS1005: ',' expected.
src/main.ts(1357,164): error TS1161: Unterminated regular expression literal.
src/main.ts(1358,12): error TS1005: ';' expected.
src/main.ts(1358,17): error TS1005: '{' expected.
src/main.ts(1358,35): error TS1005: ';' expected.
src/main.ts(1359,14): error TS1005: ';' expected.
src/main.ts(1359,17): error TS1434: Unexpected keyword or identifier.
src/main.ts(1359,22): error TS1434: Unexpected keyword or identifier.
src/main.ts(1359,25): error TS1434: Unexpected keyword or identifier.
src/main.ts(1359,29): error TS1434: Unexpected keyword or identifier.
src/main.ts(1359,34): error TS1434: Unexpected keyword or identifier.
src/main.ts(1359,48): error TS1005: ';' expected.
src/main.ts(1359,52): error TS1434: Unexpected keyword or identifier.
src/main.ts(1359,55): error TS1434: Unexpected keyword or identifier.
src/main.ts(1359,58): error TS1434: Unexpected keyword or identifier.
src/main.ts(1359,62): error TS1434: Unexpected keyword or identifier.
src/main.ts(1359,66): error TS1434: Unexpected keyword or identifier.
src/main.ts(1359,69): error TS1434: Unexpected keyword or identifier.
src/main.ts(1359,75): error TS1434: Unexpected keyword or identifier.
src/main.ts(1359,80): error TS1005: ';' expected.
src/main.ts(1359,80): error TS1351: An identifier or keyword cannot immediately follow a numeric literal.
src/main.ts(1359,82): error TS1434: Unexpected keyword or identifier.
src/main.ts(1359,85): error TS1434: Unexpected keyword or identifier.
src/main.ts(1359,88): error TS1434: Unexpected keyword or identifier.
src/main.ts(1359,102): error TS1005: ';' expected.
src/main.ts(1359,178): error TS1161: Unterminated regular expression literal.
src/main.ts(1360,10): error TS1161: Unterminated regular expression literal.
src/main.ts(1362,13): error TS1005: ';' expected.
src/main.ts(1362,120): error TS1005: ';' expected.
src/main.ts(1362,121): error TS1005: ';' expected.
src/main.ts(1362,123): error TS1434: Unexpected keyword or identifier.
src/main.ts(1362,130): error TS1434: Unexpected keyword or identifier.
src/main.ts(1362,134): error TS1434: Unexpected keyword or identifier.
src/main.ts(1362,138): error TS1434: Unexpected keyword or identifier.
src/main.ts(1362,141): error TS1434: Unexpected keyword or identifier.
src/main.ts(1362,144): error TS1434: Unexpected keyword or identifier.
src/main.ts(1362,147): error TS1434: Unexpected keyword or identifier.
src/main.ts(1362,149): error TS1434: Unexpected keyword or identifier.
src/main.ts(1362,160): error TS1005: ',' expected.
src/main.ts(1362,167): error TS1005: ',' expected.
src/main.ts(1362,177): error TS1005: ',' expected.
src/main.ts(1362,185): error TS1161: Unterminated regular expression literal.
src/main.ts(1363,12): error TS1005: ';' expected.
src/main.ts(1363,17): error TS1005: '{' expected.
src/main.ts(1363,35): error TS1005: ';' expected.
src/main.ts(1364,14): error TS1005: ';' expected.
src/main.ts(1364,17): error TS1434: Unexpected keyword or identifier.
src/main.ts(1364,21): error TS1434: Unexpected keyword or identifier.
src/main.ts(1364,32): error TS1005: ';' expected.
src/main.ts(1364,35): error TS1434: Unexpected keyword or identifier.
src/main.ts(1364,47): error TS1005: ',' expected.
src/main.ts(1364,52): error TS1005: ';' expected.
src/main.ts(1364,54): error TS1434: Unexpected keyword or identifier.
src/main.ts(1364,57): error TS1434: Unexpected keyword or identifier.
src/main.ts(1364,60): error TS1434: Unexpected keyword or identifier.
src/main.ts(1364,65): error TS1434: Unexpected keyword or identifier.
src/main.ts(1364,70): error TS1434: Unexpected keyword or identifier.
src/main.ts(1364,73): error TS1434: Unexpected keyword or identifier.
src/main.ts(1364,76): error TS1434: Unexpected keyword or identifier.
src/main.ts(1364,80): error TS1434: Unexpected keyword or identifier.
src/main.ts(1364,83): error TS1434: Unexpected keyword or identifier.
src/main.ts(1364,91): error TS1005: ';' expected.
src/main.ts(1364,91): error TS1351: An identifier or keyword cannot immediately follow a numeric literal.
src/main.ts(1364,93): error TS1434: Unexpected keyword or identifier.
src/main.ts(1364,96): error TS1434: Unexpected keyword or identifier.
src/main.ts(1364,99): error TS1434: Unexpected keyword or identifier.
src/main.ts(1364,113): error TS1005: ';' expected.
src/main.ts(1364,118): error TS1434: Unexpected keyword or identifier.
src/main.ts(1364,121): error TS1434: Unexpected keyword or identifier.
src/main.ts(1364,124): error TS1434: Unexpected keyword or identifier.
src/main.ts(1364,130): error TS1434: Unexpected keyword or identifier.
src/main.ts(1364,135): error TS1434: Unexpected keyword or identifier.
src/main.ts(1364,139): error TS1434: Unexpected keyword or identifier.
src/main.ts(1364,142): error TS1434: Unexpected keyword or identifier.
src/main.ts(1364,156): error TS1005: ';' expected.
src/main.ts(1364,233): error TS1005: ';' expected.
src/main.ts(1364,242): error TS1109: Expression expected.
src/main.ts(1364,401): error TS1005: ';' expected.
src/main.ts(1364,411): error TS1005: ';' expected.
src/main.ts(1364,415): error TS1434: Unexpected keyword or identifier.
src/main.ts(1364,418): error TS1434: Unexpected keyword or identifier.
src/main.ts(1364,430): error TS1005: ';' expected.
src/main.ts(1364,521): error TS1005: ';' expected.
src/main.ts(1364,529): error TS1005: ';' expected.
src/main.ts(1364,555): error TS1161: Unterminated regular expression literal.
src/main.ts(1365,10): error TS1161: Unterminated regular expression literal.
src/main.ts(1367,13): error TS1005: ';' expected.
src/main.ts(1367,120): error TS1005: ';' expected.
src/main.ts(1367,121): error TS1005: ';' expected.
src/main.ts(1367,124): error TS1351: An identifier or keyword cannot immediately follow a numeric literal.
src/main.ts(1367,127): error TS1434: Unexpected keyword or identifier.
src/main.ts(1367,130): error TS1434: Unexpected keyword or identifier.
src/main.ts(1367,133): error TS1434: Unexpected keyword or identifier.
src/main.ts(1367,136): error TS1434: Unexpected keyword or identifier.
src/main.ts(1367,139): error TS1434: Unexpected keyword or identifier.
src/main.ts(1367,154): error TS1005: ',' expected.
src/main.ts(1367,176): error TS1161: Unterminated regular expression literal.
src/main.ts(1368,12): error TS1005: ';' expected.
src/main.ts(1368,17): error TS1005: '{' expected.
src/main.ts(1368,35): error TS1005: ';' expected.
src/main.ts(1369,14): error TS1005: ';' expected.
src/main.ts(1369,16): error TS1434: Unexpected keyword or identifier.
src/main.ts(1369,28): error TS1005: ',' expected.
src/main.ts(1369,35): error TS1005: ';' expected.
src/main.ts(1369,37): error TS1434: Unexpected keyword or identifier.
src/main.ts(1369,52): error TS1005: ';' expected.
src/main.ts(1369,55): error TS1434: Unexpected keyword or identifier.
src/main.ts(1369,60): error TS1434: Unexpected keyword or identifier.
src/main.ts(1369,64): error TS1434: Unexpected keyword or identifier.
src/main.ts(1369,81): error TS1005: ';' expected.
src/main.ts(1369,84): error TS1434: Unexpected keyword or identifier.
src/main.ts(1369,87): error TS1434: Unexpected keyword or identifier.
src/main.ts(1369,93): error TS1434: Unexpected keyword or identifier.
src/main.ts(1369,96): error TS1434: Unexpected keyword or identifier.
src/main.ts(1369,99): error TS1434: Unexpected keyword or identifier.
src/main.ts(1369,102): error TS1434: Unexpected keyword or identifier.
src/main.ts(1369,105): error TS1434: Unexpected keyword or identifier.
src/main.ts(1369,119): error TS1005: ';' expected.
src/main.ts(1369,192): error TS1161: Unterminated regular expression literal.
src/main.ts(1370,17): error TS1005: ';' expected.
src/main.ts(1370,139): error TS1005: ';' expected.
src/main.ts(1370,141): error TS1161: Unterminated regular expression literal.
src/main.ts(1371,11): error TS1434: Unexpected keyword or identifier.
src/main.ts(1371,14): error TS1434: Unexpected keyword or identifier.
src/main.ts(1371,17): error TS1434: Unexpected keyword or identifier.
src/main.ts(1371,20): error TS1434: Unexpected keyword or identifier.
src/main.ts(1371,32): error TS1005: ';' expected.
src/main.ts(1371,35): error TS1434: Unexpected keyword or identifier.
src/main.ts(1371,38): error TS1434: Unexpected keyword or identifier.
src/main.ts(1371,42): error TS1434: Unexpected keyword or identifier.
src/main.ts(1371,45): error TS1434: Unexpected keyword or identifier.
src/main.ts(1371,48): error TS1434: Unexpected keyword or identifier.
src/main.ts(1371,51): error TS1434: Unexpected keyword or identifier.
src/main.ts(1371,55): error TS1434: Unexpected keyword or identifier.
src/main.ts(1371,68): error TS1005: ';' expected.
src/main.ts(1371,152): error TS1005: ';' expected.
src/main.ts(1371,159): error TS1161: Unterminated regular expression literal.
src/main.ts(1372,10): error TS1161: Unterminated regular expression literal.
src/main.ts(1374,13): error TS1005: ';' expected.
src/main.ts(1374,188): error TS1005: ';' expected.
src/main.ts(1374,191): error TS1434: Unexpected keyword or identifier.
src/main.ts(1374,217): error TS1005: ',' expected.
src/main.ts(1374,228): error TS1161: Unterminated regular expression literal.
src/main.ts(1375,12): error TS1005: ';' expected.
src/main.ts(1375,17): error TS1005: '{' expected.
src/main.ts(1375,35): error TS1005: ';' expected.
src/main.ts(1376,14): error TS1005: ';' expected.
src/main.ts(1376,18): error TS1434: Unexpected keyword or identifier.
src/main.ts(1376,42): error TS1161: Unterminated regular expression literal.
src/main.ts(1377,10): error TS1161: Unterminated regular expression literal.
src/main.ts(1383,10): error TS1005: ';' expected.
src/main.ts(1383,15): error TS1005: '{' expected.
src/main.ts(1384,9): error TS1110: Type expected.
src/main.ts(1384,23): error TS1005: ';' expected.
src/main.ts(1384,31): error TS1434: Unexpected keyword or identifier.
src/main.ts(1384,36): error TS1434: Unexpected keyword or identifier.
src/main.ts(1385,12): error TS1005: '>' expected.
src/main.ts(1385,19): error TS1005: ';' expected.
src/main.ts(1385,34): error TS1005: ';' expected.
src/main.ts(1385,45): error TS1005: ';' expected.
src/main.ts(1385,57): error TS1005: ';' expected.
src/main.ts(1385,119): error TS1005: ';' expected.
src/main.ts(1386,15): error TS1005: '>' expected.
src/main.ts(1386,16): error TS1005: ';' expected.
src/main.ts(1386,153): error TS1109: Expression expected.
src/main.ts(1387,18): error TS1005: '>' expected.
src/main.ts(1387,24): error TS1005: ';' expected.
src/main.ts(1387,65): error TS1109: Expression expected.
src/main.ts(1388,8): error TS1110: Type expected.
src/main.ts(1389,12): error TS1005: ';' expected.
src/main.ts(1389,17): error TS1005: '{' expected.
src/main.ts(1389,34): error TS1127: Invalid character.
src/main.ts(1389,37): error TS1434: Unexpected keyword or identifier.
src/main.ts(1389,44): error TS1435: Unknown keyword or identifier. Did you mean 'override'?
src/main.ts(1389,62): error TS1127: Invalid character.
src/main.ts(1389,65): error TS1110: Type expected.
src/main.ts(1390,12): error TS1005: ';' expected.
src/main.ts(1390,17): error TS1005: '{' expected.
src/main.ts(1390,35): error TS1005: ';' expected.
src/main.ts(1391,12): error TS1005: ';' expected.
src/main.ts(1391,15): error TS1434: Unexpected keyword or identifier.
src/main.ts(1391,18): error TS1434: Unexpected keyword or identifier.
src/main.ts(1391,23): error TS1434: Unexpected keyword or identifier.
src/main.ts(1391,26): error TS1434: Unexpected keyword or identifier.
src/main.ts(1391,41): error TS1003: Identifier expected.
src/main.ts(1391,46): error TS1005: ';' expected.
src/main.ts(1391,49): error TS1434: Unexpected keyword or identifier.
src/main.ts(1391,52): error TS1434: Unexpected keyword or identifier.
src/main.ts(1391,55): error TS1434: Unexpected keyword or identifier.
src/main.ts(1391,63): error TS1003: Identifier expected.
src/main.ts(1392,11): error TS1127: Invalid character.
src/main.ts(1392,14): error TS1128: Declaration or statement expected.
src/main.ts(1392,16): error TS1434: Unexpected keyword or identifier.
src/main.ts(1392,20): error TS1434: Unexpected keyword or identifier.
src/main.ts(1392,23): error TS1434: Unexpected keyword or identifier.
src/main.ts(1392,26): error TS1434: Unexpected keyword or identifier.
src/main.ts(1392,41): error TS1005: ';' expected.
src/main.ts(1392,46): error TS1434: Unexpected keyword or identifier.
src/main.ts(1392,54): error TS1128: Declaration or statement expected.
src/main.ts(1394,9): error TS1109: Expression expected.
src/main.ts(1394,12): error TS1109: Expression expected.
src/main.ts(1394,15): error TS1109: Expression expected.
src/main.ts(1394,18): error TS1109: Expression expected.
src/main.ts(1394,21): error TS1109: Expression expected.
src/main.ts(1394,24): error TS1109: Expression expected.
src/main.ts(1394,27): error TS1109: Expression expected.
src/main.ts(1394,30): error TS1109: Expression expected.
src/main.ts(1394,33): error TS1109: Expression expected.
src/main.ts(1394,36): error TS1109: Expression expected.
src/main.ts(1394,39): error TS1109: Expression expected.
src/main.ts(1394,42): error TS1109: Expression expected.
src/main.ts(1394,45): error TS1109: Expression expected.
src/main.ts(1394,48): error TS1109: Expression expected.
src/main.ts(1394,51): error TS1109: Expression expected.
src/main.ts(1394,54): error TS1109: Expression expected.
src/main.ts(1394,57): error TS1109: Expression expected.
src/main.ts(1395,18): error TS1005: ';' expected.
src/main.ts(1395,26): error TS1434: Unexpected keyword or identifier.
src/main.ts(1396,11): error TS1109: Expression expected.
src/main.ts(1396,13): error TS1109: Expression expected.
src/main.ts(1396,15): error TS1109: Expression expected.
src/main.ts(1396,17): error TS1109: Expression expected.
src/main.ts(1396,19): error TS1109: Expression expected.
src/main.ts(1396,21): error TS1109: Expression expected.
src/main.ts(1396,23): error TS1109: Expression expected.
src/main.ts(1396,25): error TS1109: Expression expected.
src/main.ts(1396,27): error TS1109: Expression expected.
src/main.ts(1396,29): error TS1109: Expression expected.
src/main.ts(1396,31): error TS1109: Expression expected.
src/main.ts(1396,33): error TS1109: Expression expected.
src/main.ts(1396,35): error TS1109: Expression expected.
src/main.ts(1396,37): error TS1109: Expression expected.
src/main.ts(1396,39): error TS1109: Expression expected.
src/main.ts(1396,41): error TS1109: Expression expected.
src/main.ts(1396,43): error TS1109: Expression expected.
src/main.ts(1396,45): error TS1109: Expression expected.
src/main.ts(1396,47): error TS1109: Expression expected.
src/main.ts(1396,49): error TS1109: Expression expected.
src/main.ts(1396,51): error TS1109: Expression expected.
src/main.ts(1396,53): error TS1109: Expression expected.
src/main.ts(1396,55): error TS1109: Expression expected.
src/main.ts(1396,57): error TS1109: Expression expected.
src/main.ts(1397,14): error TS1005: ';' expected.
src/main.ts(1397,17): error TS1434: Unexpected keyword or identifier.
src/main.ts(1397,25): error TS1434: Unexpected keyword or identifier.
src/main.ts(1397,29): error TS1005: ';' expected.
src/main.ts(1397,29): error TS1351: An identifier or keyword cannot immediately follow a numeric literal.
src/main.ts(1398,9): error TS1434: Unexpected keyword or identifier.
src/main.ts(1398,16): error TS1434: Unexpected keyword or identifier.
src/main.ts(1398,20): error TS1434: Unexpected keyword or identifier.
src/main.ts(1398,23): error TS1434: Unexpected keyword or identifier.
src/main.ts(1398,28): error TS1434: Unexpected keyword or identifier.
src/main.ts(1399,12): error TS1109: Expression expected.
src/main.ts(1399,15): error TS1109: Expression expected.
src/main.ts(1399,18): error TS1109: Expression expected.
src/main.ts(1399,21): error TS1109: Expression expected.
src/main.ts(1399,24): error TS1109: Expression expected.
src/main.ts(1399,27): error TS1109: Expression expected.
src/main.ts(1399,30): error TS1109: Expression expected.
src/main.ts(1399,33): error TS1109: Expression expected.
src/main.ts(1399,36): error TS1109: Expression expected.
src/main.ts(1399,39): error TS1109: Expression expected.
src/main.ts(1399,42): error TS1109: Expression expected.
src/main.ts(1399,45): error TS1109: Expression expected.
src/main.ts(1399,48): error TS1109: Expression expected.
src/main.ts(1399,51): error TS1109: Expression expected.
src/main.ts(1399,54): error TS1109: Expression expected.
src/main.ts(1399,57): error TS1109: Expression expected.
src/main.ts(1401,23): error TS1005: ';' expected.
src/main.ts(1401,27): error TS1434: Unexpected keyword or identifier.
src/main.ts(1401,30): error TS1434: Unexpected keyword or identifier.
src/main.ts(1402,53): error TS1002: Unterminated string literal.
src/main.ts(1403,9): error TS1434: Unexpected keyword or identifier.
src/main.ts(1403,12): error TS1434: Unexpected keyword or identifier.
src/main.ts(1403,28): error TS1005: ';' expected.
src/main.ts(1403,43): error TS1005: ';' expected.
src/main.ts(1403,52): error TS1003: Identifier expected.
src/main.ts(1403,57): error TS1002: Unterminated string literal.
src/main.ts(1405,14): error TS1005: '>' expected.
src/main.ts(1405,19): error TS1005: ';' expected.
src/main.ts(1406,12): error TS1109: Expression expected.
src/main.ts(1406,15): error TS1109: Expression expected.
src/main.ts(1409,6): error TS1109: Expression expected.
src/main.ts(1410,10): error TS1110: Type expected.
src/main.ts(1411,8): error TS1161: Unterminated regular expression literal.
src/main.ts(1412,6): error TS1161: Unterminated regular expression literal.
src/main.ts(1714,43): error TS1005: ';' expected.
src/main.ts(1714,48): error TS1005: '{' expected.
src/main.ts(1714,82): error TS1127: Invalid character.
src/main.ts(1714,84): error TS1161: Unterminated regular expression literal.
src/main.ts(1714,98): error TS1005: ';' expected.
src/main.ts(1720,9): error TS1128: Declaration or statement expected.
src/main.ts(1744,7): error TS1128: Declaration or statement expected.
src/main.ts(1745,5): error TS1128: Declaration or statement expected.
src/main.ts(1745,6): error TS1128: Declaration or statement expected.
src/main.ts(1746,3): error TS1128: Declaration or statement expected.
src/main.ts(1982,1): error TS1128: Declaration or statement expected.
